Archive member included to satisfy reference by file (symbol)

C:/Users/Sara/.pico-sdk/toolchain/13_3_Rel1/bin/../lib/gcc/arm-none-eabi/13.3.1/thumb/v6-m/nofp\libgcc.a(_dvmd_tls.o)
                              CMakeFiles/tarefa_u4_c8.dir/C_/Users/Sara/.pico-sdk/sdk/2.1.0/src/rp2_common/pico_divider/divider_hardware.S.obj (__aeabi_idiv0)
C:/Users/Sara/.pico-sdk/toolchain/13_3_Rel1/bin/../lib/gcc/arm-none-eabi/13.3.1/thumb/v6-m/nofp\libg.a(libc_a-calloc.o)
                              CMakeFiles/tarefa_u4_c8.dir/C_/Users/Sara/.pico-sdk/sdk/2.1.0/src/rp2_common/pico_malloc/malloc.c.obj (calloc)
C:/Users/Sara/.pico-sdk/toolchain/13_3_Rel1/bin/../lib/gcc/arm-none-eabi/13.3.1/thumb/v6-m/nofp\libg.a(libc_a-callocr.o)
                              C:/Users/Sara/.pico-sdk/toolchain/13_3_Rel1/bin/../lib/gcc/arm-none-eabi/13.3.1/thumb/v6-m/nofp\libg.a(libc_a-calloc.o) (_calloc_r)
C:/Users/Sara/.pico-sdk/toolchain/13_3_Rel1/bin/../lib/gcc/arm-none-eabi/13.3.1/thumb/v6-m/nofp\libg.a(libc_a-malloc.o)
                              CMakeFiles/tarefa_u4_c8.dir/C_/Users/Sara/.pico-sdk/sdk/2.1.0/src/rp2_common/pico_malloc/malloc.c.obj (malloc)
C:/Users/Sara/.pico-sdk/toolchain/13_3_Rel1/bin/../lib/gcc/arm-none-eabi/13.3.1/thumb/v6-m/nofp\libg.a(libc_a-mallocr.o)
                              C:/Users/Sara/.pico-sdk/toolchain/13_3_Rel1/bin/../lib/gcc/arm-none-eabi/13.3.1/thumb/v6-m/nofp\libg.a(libc_a-callocr.o) (_malloc_r)
C:/Users/Sara/.pico-sdk/toolchain/13_3_Rel1/bin/../lib/gcc/arm-none-eabi/13.3.1/thumb/v6-m/nofp\libg.a(libc_a-mlock.o)
                              C:/Users/Sara/.pico-sdk/toolchain/13_3_Rel1/bin/../lib/gcc/arm-none-eabi/13.3.1/thumb/v6-m/nofp\libg.a(libc_a-mallocr.o) (__malloc_lock)
C:/Users/Sara/.pico-sdk/toolchain/13_3_Rel1/bin/../lib/gcc/arm-none-eabi/13.3.1/thumb/v6-m/nofp\libg.a(libc_a-realloc.o)
                              CMakeFiles/tarefa_u4_c8.dir/C_/Users/Sara/.pico-sdk/sdk/2.1.0/src/rp2_common/pico_malloc/malloc.c.obj (realloc)
C:/Users/Sara/.pico-sdk/toolchain/13_3_Rel1/bin/../lib/gcc/arm-none-eabi/13.3.1/thumb/v6-m/nofp\libg.a(libc_a-reallocr.o)
                              C:/Users/Sara/.pico-sdk/toolchain/13_3_Rel1/bin/../lib/gcc/arm-none-eabi/13.3.1/thumb/v6-m/nofp\libg.a(libc_a-realloc.o) (_realloc_r)
C:/Users/Sara/.pico-sdk/toolchain/13_3_Rel1/bin/../lib/gcc/arm-none-eabi/13.3.1/thumb/v6-m/nofp\libg.a(libc_a-memcmp.o)
                              CMakeFiles/tarefa_u4_c8.dir/C_/Users/Sara/.pico-sdk/sdk/2.1.0/src/rp2_common/pico_atomic/atomic.c.obj (memcmp)
C:/Users/Sara/.pico-sdk/toolchain/13_3_Rel1/bin/../lib/gcc/arm-none-eabi/13.3.1/thumb/v6-m/nofp\libg.a(libc_a-memmove.o)
                              C:/Users/Sara/.pico-sdk/toolchain/13_3_Rel1/bin/../lib/gcc/arm-none-eabi/13.3.1/thumb/v6-m/nofp\libg.a(libc_a-reallocr.o) (memmove)
C:/Users/Sara/.pico-sdk/toolchain/13_3_Rel1/bin/../lib/gcc/arm-none-eabi/13.3.1/thumb/v6-m/nofp\libg.a(libc_a-lcltime_r.o)
                              CMakeFiles/tarefa_u4_c8.dir/C_/Users/Sara/.pico-sdk/sdk/2.1.0/src/common/pico_util/datetime.c.obj (localtime_r)
C:/Users/Sara/.pico-sdk/toolchain/13_3_Rel1/bin/../lib/gcc/arm-none-eabi/13.3.1/thumb/v6-m/nofp\libg.a(libc_a-mktime.o)
                              CMakeFiles/tarefa_u4_c8.dir/C_/Users/Sara/.pico-sdk/sdk/2.1.0/src/common/pico_util/datetime.c.obj (mktime)
C:/Users/Sara/.pico-sdk/toolchain/13_3_Rel1/bin/../lib/gcc/arm-none-eabi/13.3.1/thumb/v6-m/nofp\libg.a(libc_a-month_lengths.o)
                              C:/Users/Sara/.pico-sdk/toolchain/13_3_Rel1/bin/../lib/gcc/arm-none-eabi/13.3.1/thumb/v6-m/nofp\libg.a(libc_a-lcltime_r.o) (__month_lengths)
C:/Users/Sara/.pico-sdk/toolchain/13_3_Rel1/bin/../lib/gcc/arm-none-eabi/13.3.1/thumb/v6-m/nofp\libg.a(libc_a-tzcalc_limits.o)
                              C:/Users/Sara/.pico-sdk/toolchain/13_3_Rel1/bin/../lib/gcc/arm-none-eabi/13.3.1/thumb/v6-m/nofp\libg.a(libc_a-lcltime_r.o) (__tzcalc_limits)
C:/Users/Sara/.pico-sdk/toolchain/13_3_Rel1/bin/../lib/gcc/arm-none-eabi/13.3.1/thumb/v6-m/nofp\libg.a(libc_a-tzlock.o)
                              C:/Users/Sara/.pico-sdk/toolchain/13_3_Rel1/bin/../lib/gcc/arm-none-eabi/13.3.1/thumb/v6-m/nofp\libg.a(libc_a-lcltime_r.o) (__tz_lock)
C:/Users/Sara/.pico-sdk/toolchain/13_3_Rel1/bin/../lib/gcc/arm-none-eabi/13.3.1/thumb/v6-m/nofp\libg.a(libc_a-tzset.o)
                              C:/Users/Sara/.pico-sdk/toolchain/13_3_Rel1/bin/../lib/gcc/arm-none-eabi/13.3.1/thumb/v6-m/nofp\libg.a(libc_a-lcltime_r.o) (_tzset_unlocked)
C:/Users/Sara/.pico-sdk/toolchain/13_3_Rel1/bin/../lib/gcc/arm-none-eabi/13.3.1/thumb/v6-m/nofp\libg.a(libc_a-tzset_r.o)
                              C:/Users/Sara/.pico-sdk/toolchain/13_3_Rel1/bin/../lib/gcc/arm-none-eabi/13.3.1/thumb/v6-m/nofp\libg.a(libc_a-tzset.o) (_tzset_unlocked_r)
C:/Users/Sara/.pico-sdk/toolchain/13_3_Rel1/bin/../lib/gcc/arm-none-eabi/13.3.1/thumb/v6-m/nofp\libg.a(libc_a-tzvars.o)
[...]
Memory Configuration

Name             Origin             Length             Attributes
FLASH            0x10000000         0x00200000         xr
RAM              0x20000000         0x00040000         xrw
SCRATCH_X        0x20040000         0x00001000         xrw
SCRATCH_Y        0x20041000         0x00001000         xrw
*default*        0x00000000         0xffffffff

Linker script and memory map

LOAD C:/Users/Sara/.pico-sdk/toolchain/13_3_Rel1/bin/../lib/gcc/arm-none-eabi/13.3.1/thumb/v6-m/nofp/crti.o
LOAD C:/Users/Sara/.pico-sdk/toolchain/13_3_Rel1/bin/../lib/gcc/arm-none-eabi/13.3.1/thumb/v6-m/nofp/crtbegin.o
LOAD C:/Users/Sara/.pico-sdk/toolchain/13_3_Rel1/bin/../lib/gcc/arm-none-eabi/13.3.1/thumb/v6-m/nofp/crt0.o

.flash_begin    0x10000000        0x0
                0x10000000                        __flash_binary_start = .

.boot2          0x10000000      0x100
                0x10000000                        __boot2_start__ = .
 *(.boot2)
 .boot2         0x10000000      0x100 pico-sdk/src/rp2040/boot_stage2/CMakeFiles/bs2_default_library.dir/./bs2_default_padded_checksummed.S.obj
                0x10000100                        __boot2_end__ = .
                0x00000001                        ASSERT (((__boot2_end__ - __boot2_start__) == 0x100), ERROR: Pico second stage bootloader must be 256 bytes in size)

.text           0x10000100     0x615c
                0x10000100                        __logical_binary_start = .
 *(.vectors)
 .vectors       0x10000100       0xd4 CMakeFiles/tarefa_u4_c8.dir/C_/Users/Sara/.pico-sdk/sdk/2.1.0/src/rp2_common/pico_crt0/crt0.S.obj
                0x10000100                __VECTOR_TABLE
                0x10000100                __vectors
                0x100001c0                isr_invalid
                0x100001c0                __default_isrs_start
                0x100001c2                isr_nmi
                0x100001c4                isr_hardfault
                0x100001c6                isr_svcall
                0x100001c8                isr_pendsv
                0x100001ca                isr_systick
                0x100001cc                isr_irq23
                0x100001cc                isr_irq18
                0x100001cc                isr_irq11
                0x100001cc                isr_irq28
                0x100001cc                isr_irq19
                0x100001cc                isr_irq0
                0x100001cc                isr_irq6
                0x100001cc                isr_irq5
                0x100001cc                isr_irq12
                0x100001cc                isr_irq22
                0x100001cc                isr_irq31
                0x100001cc                isr_irq17
                0x100001cc                isr_irq27
                0x100001cc                isr_irq30
                0x100001cc                isr_irq2
                0x100001cc                isr_irq10
                0x100001cc                isr_irq8
                0x100001cc                isr_irq24
                0x100001cc                isr_irq1
                0x100001cc                isr_irq7
                0x100001cc                isr_irq21
                0x100001cc                isr_irq20
                0x100001cc                isr_irq15
                0x100001cc                isr_irq25
                0x100001cc                isr_irq13
                0x100001cc                __unhandled_user_irq
                0x100001cc                isr_irq4
                0x100001cc                isr_irq16
                0x100001cc                isr_irq29
                0x100001cc                isr_irq26
                0x100001cc                __default_isrs_end
                0x100001cc                isr_irq3
                0x100001cc                isr_irq14
                0x100001cc                isr_irq9
                0x100001d2                unhandled_user_irq_num_in_r0
 *(.binary_info_header)
 .binary_info_header
                0x100001d4       0x14 CMakeFiles/tarefa_u4_c8.dir/C_/Users/Sara/.pico-sdk/sdk/2.1.0/src/rp2_common/pico_crt0/crt0.S.obj
                0x100001e8                        __binary_info_header_end = .
 *(.embedded_block)
                0x100001e8                        __embedded_block_end = .
 *(.reset)
 .reset         0x100001e8       0x9c CMakeFiles/tarefa_u4_c8.dir/C_/Users/Sara/.pico-sdk/sdk/2.1.0/src/rp2_common/pico_crt0/crt0.S.obj
                0x100001e8                _entry_point
 *(.init)
 .init          0x10000284        0x4 C:/Users/Sara/.pico-sdk/toolchain/13_3_Rel1/bin/../lib/gcc/arm-none-eabi/13.3.1/thumb/v6-m/nofp/crti.o
                0x10000284                _init
 *(EXCLUDE_FILE(*libm.a: *libc.a:*lib_a-mem*.o *libgcc.a:) .text*)
 .text.register_tm_clones
                0x10000288       0x28 C:/Users/Sara/.pico-sdk/toolchain/13_3_Rel1/bin/../lib/gcc/arm-none-eabi/13.3.1/thumb/v6-m/nofp/crtbegin.o
 .text.frame_dummy
                0x100002b0       0x24 C:/Users/Sara/.pico-sdk/toolchain/13_3_Rel1/bin/../lib/gcc/arm-none-eabi/13.3.1/thumb/v6-m/nofp/crtbegin.o
 .text.btns_callback
                0x100002d4       0x7c CMakeFiles/tarefa_u4_c8.dir/tarefa_u4_c8.c.obj
                0x100002d4                btns_callback
 .text.inicializacao
                0x10000350      0x158 CMakeFiles/tarefa_u4_c8.dir/tarefa_u4_c8.c.obj
                0x10000350                inicializacao
 .text.startup.main
                0x100004a8      0x180 CMakeFiles/tarefa_u4_c8.dir/tarefa_u4_c8.c.obj
                0x100004a8                main
 .text.ssd1306_init
                0x10000628       0x34 CMakeFiles/tarefa_u4_c8.dir/inc/ssd1306.c.obj
                0x10000628                ssd1306_init
 .text.ssd1306_config
                0x1000065c      0x1d0 CMakeFiles/tarefa_u4_c8.dir/inc/ssd1306.c.obj
                0x1000065c                ssd1306_config
 .text.ssd1306_send_data
                0x1000082c       0x8c CMakeFiles/tarefa_u4_c8.dir/inc/ssd1306.c.obj
                0x1000082c                ssd1306_send_data
 .text.ssd1306_fill
                0x100008b8       0x80 CMakeFiles/tarefa_u4_c8.dir/inc/ssd1306.c.obj
                0x100008b8                ssd1306_fill
 .text.ssd1306_rect
                0x10000938      0x28c CMakeFiles/tarefa_u4_c8.dir/inc/ssd1306.c.obj
                0x10000938                ssd1306_rect
 .text.ssd1306_draw_char
                0x10000bc4      0x268 CMakeFiles/tarefa_u4_c8.dir/inc/ssd1306.c.obj
                0x10000bc4                ssd1306_draw_char
 .text.ssd1306_draw_string
                0x10000e2c       0x40 CMakeFiles/tarefa_u4_c8.dir/inc/ssd1306.c.obj
                0x10000e2c                ssd1306_draw_string
 .text.gpio_default_irq_handler
                0x10000e6c      0x274 CMakeFiles/tarefa_u4_c8.dir/C_/Users/Sara/.pico-sdk/sdk/2.1.0/src/rp2_common/hardware_gpio/gpio.c.obj
 .text.gpio_set_function
                0x100010e0       0x34 CMakeFiles/tarefa_u4_c8.dir/C_/Users/Sara/.pico-sdk/sdk/2.1.0/src/rp2_common/hardware_gpio/gpio.c.obj
                0x100010e0                gpio_set_function
 .text.gpio_set_pulls
                0x10001114       0x28 CMakeFiles/tarefa_u4_c8.dir/C_/Users/Sara/.pico-sdk/sdk/2.1.0/src/rp2_common/hardware_gpio/gpio.c.obj
                0x10001114                gpio_set_pulls
 .text.gpio_set_irq_enabled_with_callback
                0x1000113c       0xd0 CMakeFiles/tarefa_u4_c8.dir/C_/Users/Sara/.pico-sdk/sdk/2.1.0/src/rp2_common/hardware_gpio/gpio.c.obj
                0x1000113c                gpio_set_irq_enabled_with_callback
 .text.gpio_set_input_enabled
                0x1000120c       0x28 CMakeFiles/tarefa_u4_c8.dir/C_/Users/Sara/.pico-sdk/sdk/2.1.0/src/rp2_common/hardware_gpio/gpio.c.obj
                0x1000120c                gpio_set_input_enabled
 .text.gpio_init
                0x10001234       0x40 CMakeFiles/tarefa_u4_c8.dir/C_/Users/Sara/.pico-sdk/sdk/2.1.0/src/rp2_common/hardware_gpio/gpio.c.obj
                0x10001234                gpio_init
 .text.rp2040_chip_version
                0x10001274        0xc CMakeFiles/tarefa_u4_c8.dir/C_/Users/Sara/.pico-sdk/sdk/2.1.0/src/rp2040/pico_platform/platform.c.obj
                0x10001274                rp2040_chip_version
 .text.panic    0x10001280       0x30 CMakeFiles/tarefa_u4_c8.dir/C_/Users/Sara/.pico-sdk/sdk/2.1.0/src/rp2_common/pico_platform_panic/panic.c.obj
                0x10001280                panic
 .text.hw_claim_or_assert
                0x100012b0       0x44 CMakeFiles/tarefa_u4_c8.dir/C_/Users/Sara/.pico-sdk/sdk/2.1.0/src/common/hardware_claim/claim.c.obj
                0x100012b0                hw_claim_or_assert
 .text.hw_claim_unused_from_range
                0x100012f4       0x9c CMakeFiles/tarefa_u4_c8.dir/C_/Users/Sara/.pico-sdk/sdk/2.1.0/src/common/hardware_claim/claim.c.obj
                0x100012f4                hw_claim_unused_from_range
 .text.next_striped_spin_lock_num
                0x10001390       0x18 CMakeFiles/tarefa_u4_c8.dir/C_/Users/Sara/.pico-sdk/sdk/2.1.0/src/rp2_common/hardware_sync/sync.c.obj
                0x10001390                next_striped_spin_lock_num
 .text.spin_lock_claim_unused
                0x100013a8       0x24 CMakeFiles/tarefa_u4_c8.dir/C_/Users/Sara/.pico-sdk/sdk/2.1.0/src/rp2_common/hardware_sync/sync.c.obj
                0x100013a8                spin_lock_claim_unused
 .text.spin_locks_reset
                0x100013cc       0x1c CMakeFiles/tarefa_u4_c8.dir/C_/Users/Sara/.pico-sdk/sdk/2.1.0/src/rp2_common/hardware_sync_spin_lock/sync_spin_lock.c.obj
                0x100013cc                spin_locks_reset
 .text.runtime_init_per_core_irq_priorities
                0x100013e8       0x24 CMakeFiles/tarefa_u4_c8.dir/C_/Users/Sara/.pico-sdk/sdk/2.1.0/src/rp2_common/hardware_irq/irq.c.obj
                0x100013e8                runtime_init_per_core_irq_priorities
 .text.irq_set_enabled
                0x1000140c       0x24 CMakeFiles/tarefa_u4_c8.dir/C_/Users/Sara/.pico-sdk/sdk/2.1.0/src/rp2_common/hardware_irq/irq.c.obj
                0x1000140c                irq_set_enabled
 .text.irq_is_enabled
                0x10001430       0x18 CMakeFiles/tarefa_u4_c8.dir/C_/Users/Sara/.pico-sdk/sdk/2.1.0/src/rp2_common/hardware_irq/irq.c.obj
                0x10001430                irq_is_enabled
 .text.irq_set_pending
                0x10001448       0x10 CMakeFiles/tarefa_u4_c8.dir/C_/Users/Sara/.pico-sdk/sdk/2.1.0/src/rp2_common/hardware_irq/irq.c.obj
                0x10001448                irq_set_pending
 .text.irq_has_shared_handler
                0x10001458       0x2c CMakeFiles/tarefa_u4_c8.dir/C_/Users/Sara/.pico-sdk/sdk/2.1.0/src/rp2_common/hardware_irq/irq.c.obj
                0x10001458                irq_has_shared_handler
 .text.irq_set_exclusive_handler
                0x10001484       0x54 CMakeFiles/tarefa_u4_c8.dir/C_/Users/Sara/.pico-sdk/sdk/2.1.0/src/rp2_common/hardware_irq/irq.c.obj
                0x10001484                irq_set_exclusive_handler
 .text.irq_add_shared_handler
                0x100014d8      0x1f4 CMakeFiles/tarefa_u4_c8.dir/C_/Users/Sara/.pico-sdk/sdk/2.1.0/src/rp2_common/hardware_irq/irq.c.obj
                0x100014d8                irq_add_shared_handler
 .text.irq_remove_handler
                0x100016cc      0x1d4 CMakeFiles/tarefa_u4_c8.dir/C_/Users/Sara/.pico-sdk/sdk/2.1.0/src/rp2_common/hardware_irq/irq.c.obj
                0x100016cc                irq_remove_handler
 .text.irq_add_tail_to_free_list
                0x100018a0       0xb4 CMakeFiles/tarefa_u4_c8.dir/C_/Users/Sara/.pico-sdk/sdk/2.1.0/src/rp2_common/hardware_irq/irq.c.obj
                0x100018a0                irq_add_tail_to_free_list
 .text.user_irq_claim_unused
                0x10001954       0x2c CMakeFiles/tarefa_u4_c8.dir/C_/Users/Sara/.pico-sdk/sdk/2.1.0/src/rp2_common/hardware_irq/irq.c.obj
                0x10001954                user_irq_claim_unused
 .text.lock_init
                0x10001980       0x10 CMakeFiles/tarefa_u4_c8.dir/C_/Users/Sara/.pico-sdk/sdk/2.1.0/src/common/pico_sync/lock_core.c.obj
                0x10001980                lock_init
 .text.runtime_init_mutex
                0x10001990       0x50 CMakeFiles/tarefa_u4_c8.dir/C_/Users/Sara/.pico-sdk/sdk/2.1.0/src/common/pico_sync/mutex.c.obj
                0x10001990                runtime_init_mutex
 .text.mutex_init
                0x100019e0       0x1c CMakeFiles/tarefa_u4_c8.dir/C_/Users/Sara/.pico-sdk/sdk/2.1.0/src/common/pico_sync/mutex.c.obj
                0x100019e0                mutex_init
 .text.critical_section_init
                0x100019fc       0x1c CMakeFiles/tarefa_u4_c8.dir/C_/Users/Sara/.pico-sdk/sdk/2.1.0/src/common/pico_sync/critical_section.c.obj
                0x100019fc                critical_section_init
 .text.critical_section_init_with_lock_num
                0x10001a18       0x14 CMakeFiles/tarefa_u4_c8.dir/C_/Users/Sara/.pico-sdk/sdk/2.1.0/src/common/pico_sync/critical_section.c.obj
                0x10001a18                critical_section_init_with_lock_num
 .text.sleep_until_callback
                0x10001a2c       0x30 CMakeFiles/tarefa_u4_c8.dir/C_/Users/Sara/.pico-sdk/sdk/2.1.0/src/common/pico_time/time.c.obj
 .text.alarm_pool_irq_handler
                0x10001a5c      0x2fc CMakeFiles/tarefa_u4_c8.dir/C_/Users/Sara/.pico-sdk/sdk/2.1.0/src/common/pico_time/time.c.obj
 .text.runtime_init_default_alarm_pool
                0x10001d58       0xdc CMakeFiles/tarefa_u4_c8.dir/C_/Users/Sara/.pico-sdk/sdk/2.1.0/src/common/pico_time/time.c.obj
                0x10001d58                runtime_init_default_alarm_pool
 .text.alarm_pool_get_default
                0x10001e34        0x8 CMakeFiles/tarefa_u4_c8.dir/C_/Users/Sara/.pico-sdk/sdk/2.1.0/src/common/pico_time/time.c.obj
                0x10001e34                alarm_pool_get_default
 .text.alarm_pool_add_alarm_at
                0x10001e3c       0xd4 CMakeFiles/tarefa_u4_c8.dir/C_/Users/Sara/.pico-sdk/sdk/2.1.0/src/common/pico_time/time.c.obj
                0x10001e3c                alarm_pool_add_alarm_at
 .text.alarm_pool_add_alarm_at_force_in_context
                0x10001f10       0xb0 CMakeFiles/tarefa_u4_c8.dir/C_/Users/Sara/.pico-sdk/sdk/2.1.0/src/common/pico_time/time.c.obj
                0x10001f10                alarm_pool_add_alarm_at_force_in_context
 .text.alarm_pool_cancel_alarm
                0x10001fc0       0x74 CMakeFiles/tarefa_u4_c8.dir/C_/Users/Sara/.pico-sdk/sdk/2.1.0/src/common/pico_time/time.c.obj
                0x10001fc0                alarm_pool_cancel_alarm
 .text.alarm_pool_core_num
                0x10002034        0x4 CMakeFiles/tarefa_u4_c8.dir/C_/Users/Sara/.pico-sdk/sdk/2.1.0/src/common/pico_time/time.c.obj
                0x10002034                alarm_pool_core_num
 .text.sleep_until
                0x10002038       0xd8 CMakeFiles/tarefa_u4_c8.dir/C_/Users/Sara/.pico-sdk/sdk/2.1.0/src/common/pico_time/time.c.obj
                0x10002038                sleep_until
 .text.sleep_us
                0x10002110       0x28 CMakeFiles/tarefa_u4_c8.dir/C_/Users/Sara/.pico-sdk/sdk/2.1.0/src/common/pico_time/time.c.obj
                0x10002110                sleep_us
 .text.sleep_ms
                0x10002138       0x38 CMakeFiles/tarefa_u4_c8.dir/C_/Users/Sara/.pico-sdk/sdk/2.1.0/src/common/pico_time/time.c.obj
                0x10002138                sleep_ms
 .text.best_effort_wfe_or_timeout
                0x10002170       0xe0 CMakeFiles/tarefa_u4_c8.dir/C_/Users/Sara/.pico-sdk/sdk/2.1.0/src/common/pico_time/time.c.obj
                0x10002170                best_effort_wfe_or_timeout
 .text.timer_hardware_alarm_claim
                0x10002250       0x14 CMakeFiles/tarefa_u4_c8.dir/C_/Users/Sara/.pico-sdk/sdk/2.1.0/src/rp2_common/hardware_timer/timer.c.obj
                0x10002250                timer_hardware_alarm_claim
 .text.timer_time_us_64
                0x10002264       0x10 CMakeFiles/tarefa_u4_c8.dir/C_/Users/Sara/.pico-sdk/sdk/2.1.0/src/rp2_common/hardware_timer/timer.c.obj
                0x10002264                timer_time_us_64
 .text.time_us_64
                0x10002274       0x14 CMakeFiles/tarefa_u4_c8.dir/C_/Users/Sara/.pico-sdk/sdk/2.1.0/src/rp2_common/hardware_timer/timer.c.obj
                0x10002274                time_us_64
 .text.busy_wait_until
                0x10002288       0x20 CMakeFiles/tarefa_u4_c8.dir/C_/Users/Sara/.pico-sdk/sdk/2.1.0/src/rp2_common/hardware_timer/timer.c.obj
                0x10002288                busy_wait_until
 .text.clock_configure_int_divider
                0x100022a8       0xf4 CMakeFiles/tarefa_u4_c8.dir/C_/Users/Sara/.pico-sdk/sdk/2.1.0/src/rp2_common/hardware_clocks/clocks.c.obj
                0x100022a8                clock_configure_int_divider
 .text.clock_configure_undivided
                0x1000239c       0xe8 CMakeFiles/tarefa_u4_c8.dir/C_/Users/Sara/.pico-sdk/sdk/2.1.0/src/rp2_common/hardware_clocks/clocks.c.obj
                0x1000239c                clock_configure_undivided
 .text.clock_get_hz
                0x10002484        0xc CMakeFiles/tarefa_u4_c8.dir/C_/Users/Sara/.pico-sdk/sdk/2.1.0/src/rp2_common/hardware_clocks/clocks.c.obj
                0x10002484                clock_get_hz
 .text.pll_init
                0x10002490       0xa4 CMakeFiles/tarefa_u4_c8.dir/C_/Users/Sara/.pico-sdk/sdk/2.1.0/src/rp2_common/hardware_pll/pll.c.obj
                0x10002490                pll_init
 .text.watchdog_reboot
                0x10002534       0x9c CMakeFiles/tarefa_u4_c8.dir/C_/Users/Sara/.pico-sdk/sdk/2.1.0/src/rp2_common/hardware_watchdog/watchdog.c.obj
                0x10002534                watchdog_reboot
 .text.tick_start
                0x100025d0       0x10 CMakeFiles/tarefa_u4_c8.dir/C_/Users/Sara/.pico-sdk/sdk/2.1.0/src/rp2_common/hardware_ticks/ticks.c.obj
                0x100025d0                tick_start
 .text.rom_func_lookup
                0x100025e0       0x10 CMakeFiles/tarefa_u4_c8.dir/C_/Users/Sara/.pico-sdk/sdk/2.1.0/src/rp2_common/pico_bootrom/bootrom.c.obj
                0x100025e0                rom_func_lookup
 .text.rom_data_lookup
                0x100025f0       0x10 CMakeFiles/tarefa_u4_c8.dir/C_/Users/Sara/.pico-sdk/sdk/2.1.0/src/rp2_common/pico_bootrom/bootrom.c.obj
                0x100025f0                rom_data_lookup
 .text.rom_funcs_lookup
                0x10002600       0x44 CMakeFiles/tarefa_u4_c8.dir/C_/Users/Sara/.pico-sdk/sdk/2.1.0/src/rp2_common/pico_bootrom/bootrom.c.obj
                0x10002600                rom_funcs_lookup
 .text.rom_reset_usb_boot_extra
                0x10002644       0x28 CMakeFiles/tarefa_u4_c8.dir/C_/Users/Sara/.pico-sdk/sdk/2.1.0/src/rp2_common/pico_bootrom/bootrom.c.obj
                0x10002644                rom_reset_usb_boot_extra
 .text.xosc_init
                0x1000266c       0x28 CMakeFiles/tarefa_u4_c8.dir/C_/Users/Sara/.pico-sdk/sdk/2.1.0/src/rp2_common/hardware_xosc/xosc.c.obj
                0x1000266c                xosc_init
 .text.first_per_core_initializer
                0x10002694        0x4 CMakeFiles/tarefa_u4_c8.dir/C_/Users/Sara/.pico-sdk/sdk/2.1.0/src/rp2_common/pico_runtime/runtime.c.obj
 .text.hard_assertion_failure
                0x10002698        0xc CMakeFiles/tarefa_u4_c8.dir/C_/Users/Sara/.pico-sdk/sdk/2.1.0/src/rp2_common/pico_runtime/runtime.c.obj
                0x10002698                hard_assertion_failure
 .text.runtime_run_initializers
                0x100026a4       0x28 CMakeFiles/tarefa_u4_c8.dir/C_/Users/Sara/.pico-sdk/sdk/2.1.0/src/rp2_common/pico_runtime/runtime.c.obj
                0x100026a4                runtime_run_initializers
 .text.runtime_init_early_resets
                0x100026cc       0x2c CMakeFiles/tarefa_u4_c8.dir/C_/Users/Sara/.pico-sdk/sdk/2.1.0/src/rp2_common/pico_runtime_init/runtime_init.c.obj
                0x100026cc                runtime_init_early_resets
 .text.runtime_init_usb_power_down
                0x100026f8       0x1c CMakeFiles/tarefa_u4_c8.dir/C_/Users/Sara/.pico-sdk/sdk/2.1.0/src/rp2_common/pico_runtime_init/runtime_init.c.obj
                0x100026f8                runtime_init_usb_power_down
 .text.runtime_init_post_clock_resets
                0x10002714       0x20 CMakeFiles/tarefa_u4_c8.dir/C_/Users/Sara/.pico-sdk/sdk/2.1.0/src/rp2_common/pico_runtime_init/runtime_init.c.obj
                0x10002714                runtime_init_post_clock_resets
 .text.runtime_init_rp2040_gpio_ie_disable
                0x10002734       0x14 CMakeFiles/tarefa_u4_c8.dir/C_/Users/Sara/.pico-sdk/sdk/2.1.0/src/rp2_common/pico_runtime_init/runtime_init.c.obj
                0x10002734                runtime_init_rp2040_gpio_ie_disable
 .text.runtime_init_spin_locks_reset
                0x10002748        0x8 CMakeFiles/tarefa_u4_c8.dir/C_/Users/Sara/.pico-sdk/sdk/2.1.0/src/rp2_common/pico_runtime_init/runtime_init.c.obj
                0x10002748                runtime_init_spin_locks_reset
 .text.runtime_init_install_ram_vector_table
                0x10002750       0x1c CMakeFiles/tarefa_u4_c8.dir/C_/Users/Sara/.pico-sdk/sdk/2.1.0/src/rp2_common/pico_runtime_init/runtime_init.c.obj
                0x10002750                runtime_init_install_ram_vector_table
 .text.runtime_init_clocks
                0x1000276c       0xd8 CMakeFiles/tarefa_u4_c8.dir/C_/Users/Sara/.pico-sdk/sdk/2.1.0/src/rp2_common/pico_runtime_init/runtime_init_clocks.c.obj
                0x1000276c                runtime_init_clocks
 .text          0x10002844       0x10 CMakeFiles/tarefa_u4_c8.dir/C_/Users/Sara/.pico-sdk/sdk/2.1.0/src/rp2_common/pico_bit_ops/bit_ops_aeabi.S.obj
 .text.__wrap___aeabi_uidiv
                0x10002854       0x4c CMakeFiles/tarefa_u4_c8.dir/C_/Users/Sara/.pico-sdk/sdk/2.1.0/src/rp2_common/pico_divider/divider_hardware.S.obj
                0x10002854                __wrap___aeabi_uidiv
                0x10002854                __wrap___aeabi_uidivmod
                0x10002854                div_u32u32
                0x10002854                divmod_u32u32
                0x1000285c                divmod_u32u32_unsafe
                0x10002884                divmod_u32u32_savestate
 .text.missing_double_func_shim
                0x100028a0        0xc CMakeFiles/tarefa_u4_c8.dir/C_/Users/Sara/.pico-sdk/sdk/2.1.0/src/rp2_common/pico_double/double_init_rom_rp2040.c.obj
 .text.__aeabi_double_init
                0x100028ac       0xa0 CMakeFiles/tarefa_u4_c8.dir/C_/Users/Sara/.pico-sdk/sdk/2.1.0/src/rp2_common/pico_double/double_init_rom_rp2040.c.obj
                0x100028ac                __aeabi_double_init
 .text.double_table_shim_on_use_helper
                0x1000294c       0x2c CMakeFiles/tarefa_u4_c8.dir/C_/Users/Sara/.pico-sdk/sdk/2.1.0/src/rp2_common/pico_double/double_v1_rom_shim_rp2040.S.obj
                0x1000294c                double_table_shim_on_use_helper
 .text.__aeabi_lmul
                0x10002978       0x32 CMakeFiles/tarefa_u4_c8.dir/C_/Users/Sara/.pico-sdk/sdk/2.1.0/src/rp2_common/pico_int64_ops/pico_int64_ops_aeabi.S.obj
                0x10002978                __wrap___aeabi_lmul
 *fill*         0x100029aa        0x2 
 .text.missing_float_func_shim
                0x100029ac        0xc CMakeFiles/tarefa_u4_c8.dir/C_/Users/Sara/.pico-sdk/sdk/2.1.0/src/rp2_common/pico_float/float_init_rom_rp2040.c.obj
 .text.__aeabi_float_init
                0x100029b8       0x5c CMakeFiles/tarefa_u4_c8.dir/C_/Users/Sara/.pico-sdk/sdk/2.1.0/src/rp2_common/pico_float/float_init_rom_rp2040.c.obj
                0x100029b8                __aeabi_float_init
 .text.__wrap_calloc
                0x10002a14       0x28 CMakeFiles/tarefa_u4_c8.dir/C_/Users/Sara/.pico-sdk/sdk/2.1.0/src/rp2_common/pico_malloc/malloc.c.obj
                0x10002a14                __wrap_calloc
 .text          0x10002a3c       0x10 CMakeFiles/tarefa_u4_c8.dir/C_/Users/Sara/.pico-sdk/sdk/2.1.0/src/rp2_common/pico_mem_ops/mem_ops_aeabi.S.obj
                0x10002a3c                __aeabi_mem_init
 .text.memset   0x10002a4c        0xc CMakeFiles/tarefa_u4_c8.dir/C_/Users/Sara/.pico-sdk/sdk/2.1.0/src/rp2_common/pico_mem_ops/mem_ops_aeabi.S.obj
                0x10002a4c                __wrap_memset
 .text.memcpy   0x10002a58        0xc CMakeFiles/tarefa_u4_c8.dir/C_/Users/Sara/.pico-sdk/sdk/2.1.0/src/rp2_common/pico_mem_ops/mem_ops_aeabi.S.obj
                0x10002a58                __wrap_memcpy
                0x10002a58                __wrap___aeabi_memcpy
 .text._out_char
                0x10002a64       0x10 CMakeFiles/tarefa_u4_c8.dir/C_/Users/Sara/.pico-sdk/sdk/2.1.0/src/rp2_common/pico_printf/printf.c.obj
 .text.weak_raw_vprintf
                0x10002a74       0x30 CMakeFiles/tarefa_u4_c8.dir/C_/Users/Sara/.pico-sdk/sdk/2.1.0/src/rp2_common/pico_printf/printf.c.obj
                0x10002a74                weak_raw_vprintf
 .text._exit    0x10002aa4        0x4 CMakeFiles/tarefa_u4_c8.dir/C_/Users/Sara/.pico-sdk/sdk/2.1.0/src/rp2_common/pico_clib_interface/newlib_interface.c.obj
                0x10002aa4                _exit
 .text._sbrk    0x10002aa8       0x34 CMakeFiles/tarefa_u4_c8.dir/C_/Users/Sara/.pico-sdk/sdk/2.1.0/src/rp2_common/pico_clib_interface/newlib_interface.c.obj
                0x10002aa8                _sbrk
 .text.exit     0x10002adc        0x8 CMakeFiles/tarefa_u4_c8.dir/C_/Users/Sara/.pico-sdk/sdk/2.1.0/src/rp2_common/pico_clib_interface/newlib_interface.c.obj
                0x10002adc                exit
 .text.runtime_init
                0x10002ae4       0x2c CMakeFiles/tarefa_u4_c8.dir/C_/Users/Sara/.pico-sdk/sdk/2.1.0/src/rp2_common/pico_clib_interface/newlib_interface.c.obj
                0x10002ae4                runtime_init
 .text.stdio_out_chars_no_crlf
                0x10002b10       0x10 CMakeFiles/tarefa_u4_c8.dir/C_/Users/Sara/.pico-sdk/sdk/2.1.0/src/rp2_common/pico_stdio/stdio.c.obj
 .text.stdio_out_chars_crlf
                0x10002b20       0x94 CMakeFiles/tarefa_u4_c8.dir/C_/Users/Sara/.pico-sdk/sdk/2.1.0/src/rp2_common/pico_stdio/stdio.c.obj
 .text.stdio_put_string
                0x10002bb4      0x100 CMakeFiles/tarefa_u4_c8.dir/C_/Users/Sara/.pico-sdk/sdk/2.1.0/src/rp2_common/pico_stdio/stdio.c.obj
                0x10002bb4                stdio_put_string
 .text.stdio_set_driver_enabled
                0x10002cb4       0x30 CMakeFiles/tarefa_u4_c8.dir/C_/Users/Sara/.pico-sdk/sdk/2.1.0/src/rp2_common/pico_stdio/stdio.c.obj
                0x10002cb4                stdio_set_driver_enabled
 .text.stdio_init_all
                0x10002ce4        0x8 CMakeFiles/tarefa_u4_c8.dir/C_/Users/Sara/.pico-sdk/sdk/2.1.0/src/rp2_common/pico_stdio/stdio.c.obj
                0x10002ce4                stdio_init_all
 .text.__wrap_putchar
                0x10002cec       0x98 CMakeFiles/tarefa_u4_c8.dir/C_/Users/Sara/.pico-sdk/sdk/2.1.0/src/rp2_common/pico_stdio/stdio.c.obj
                0x10002cec                __wrap_putchar
                0x10002cec                stdio_putchar
 .text.__wrap_puts
                0x10002d84       0x3c CMakeFiles/tarefa_u4_c8.dir/C_/Users/Sara/.pico-sdk/sdk/2.1.0/src/rp2_common/pico_stdio/stdio.c.obj
                0x10002d84                stdio_puts
                0x10002d84                __wrap_puts
 .text.resetd_init
                0x10002dc0        0x4 CMakeFiles/tarefa_u4_c8.dir/C_/Users/Sara/.pico-sdk/sdk/2.1.0/src/rp2_common/pico_stdio_usb/reset_interface.c.obj
 .text.resetd_reset
                0x10002dc4        0xc CMakeFiles/tarefa_u4_c8.dir/C_/Users/Sara/.pico-sdk/sdk/2.1.0/src/rp2_common/pico_stdio_usb/reset_interface.c.obj
 .text.resetd_open
                0x10002dd0       0x28 CMakeFiles/tarefa_u4_c8.dir/C_/Users/Sara/.pico-sdk/sdk/2.1.0/src/rp2_common/pico_stdio_usb/reset_interface.c.obj
 .text.resetd_xfer_cb
                0x10002df8        0x4 CMakeFiles/tarefa_u4_c8.dir/C_/Users/Sara/.pico-sdk/sdk/2.1.0/src/rp2_common/pico_stdio_usb/reset_interface.c.obj
 .text.resetd_control_xfer_cb
                0x10002dfc       0x5c CMakeFiles/tarefa_u4_c8.dir/C_/Users/Sara/.pico-sdk/sdk/2.1.0/src/rp2_common/pico_stdio_usb/reset_interface.c.obj
 .text.tud_descriptor_bos_cb
                0x10002e58        0x8 CMakeFiles/tarefa_u4_c8.dir/C_/Users/Sara/.pico-sdk/sdk/2.1.0/src/rp2_common/pico_stdio_usb/reset_interface.c.obj
                0x10002e58                tud_descriptor_bos_cb
 .text.tud_vendor_control_xfer_cb
                0x10002e60       0x34 CMakeFiles/tarefa_u4_c8.dir/C_/Users/Sara/.pico-sdk/sdk/2.1.0/src/rp2_common/pico_stdio_usb/reset_interface.c.obj
                0x10002e60                tud_vendor_control_xfer_cb
 .text.usbd_app_driver_get_cb
                0x10002e94        0xc CMakeFiles/tarefa_u4_c8.dir/C_/Users/Sara/.pico-sdk/sdk/2.1.0/src/rp2_common/pico_stdio_usb/reset_interface.c.obj
                0x10002e94                usbd_app_driver_get_cb
 .text.tud_cdc_line_coding_cb
                0x10002ea0       0x2c CMakeFiles/tarefa_u4_c8.dir/C_/Users/Sara/.pico-sdk/sdk/2.1.0/src/rp2_common/pico_stdio_usb/reset_interface.c.obj
                0x10002ea0                tud_cdc_line_coding_cb
 .text.stdio_usb_set_chars_available_callback
                0x10002ecc       0x14 CMakeFiles/tarefa_u4_c8.dir/C_/Users/Sara/.pico-sdk/sdk/2.1.0/src/rp2_common/pico_stdio_usb/stdio_usb.c.obj
                0x10002ecc                stdio_usb_set_chars_available_callback
 .text.usb_irq  0x10002ee0       0x10 CMakeFiles/tarefa_u4_c8.dir/C_/Users/Sara/.pico-sdk/sdk/2.1.0/src/rp2_common/pico_stdio_usb/stdio_usb.c.obj
 .text.timer_task
                0x10002ef0       0x64 CMakeFiles/tarefa_u4_c8.dir/C_/Users/Sara/.pico-sdk/sdk/2.1.0/src/rp2_common/pico_stdio_usb/stdio_usb.c.obj
 .text.stdio_usb_in_chars
                0x10002f54       0x90 CMakeFiles/tarefa_u4_c8.dir/C_/Users/Sara/.pico-sdk/sdk/2.1.0/src/rp2_common/pico_stdio_usb/stdio_usb.c.obj
                0x10002f54                stdio_usb_in_chars
 .text.stdio_usb_out_flush
                0x10002fe4       0x50 CMakeFiles/tarefa_u4_c8.dir/C_/Users/Sara/.pico-sdk/sdk/2.1.0/src/rp2_common/pico_stdio_usb/stdio_usb.c.obj
 .text.stdio_usb_out_chars
                0x10003034      0x104 CMakeFiles/tarefa_u4_c8.dir/C_/Users/Sara/.pico-sdk/sdk/2.1.0/src/rp2_common/pico_stdio_usb/stdio_usb.c.obj
 .text.low_priority_worker_irq
                0x10003138       0xcc CMakeFiles/tarefa_u4_c8.dir/C_/Users/Sara/.pico-sdk/sdk/2.1.0/src/rp2_common/pico_stdio_usb/stdio_usb.c.obj
 .text.stdio_usb_init
                0x10003204       0xe8 CMakeFiles/tarefa_u4_c8.dir/C_/Users/Sara/.pico-sdk/sdk/2.1.0/src/rp2_common/pico_stdio_usb/stdio_usb.c.obj
                0x10003204                stdio_usb_init
 .text.tud_descriptor_device_cb
                0x100032ec        0x8 CMakeFiles/tarefa_u4_c8.dir/C_/Users/Sara/.pico-sdk/sdk/2.1.0/src/rp2_common/pico_stdio_usb/stdio_usb_descriptors.c.obj
                0x100032ec                tud_descriptor_device_cb
 .text.tud_descriptor_configuration_cb
                0x100032f4        0x8 CMakeFiles/tarefa_u4_c8.dir/C_/Users/Sara/.pico-sdk/sdk/2.1.0/src/rp2_common/pico_stdio_usb/stdio_usb_descriptors.c.obj
                0x100032f4                tud_descriptor_configuration_cb
 .text.tud_descriptor_string_cb
                0x100032fc       0x78 CMakeFiles/tarefa_u4_c8.dir/C_/Users/Sara/.pico-sdk/sdk/2.1.0/src/rp2_common/pico_stdio_usb/stdio_usb_descriptors.c.obj
                0x100032fc                tud_descriptor_string_cb
 .text.startup._retrieve_unique_id_on_boot
                0x10003374       0x10 CMakeFiles/tarefa_u4_c8.dir/C_/Users/Sara/.pico-sdk/sdk/2.1.0/src/rp2_common/pico_unique_id/unique_id.c.obj
 .text.pico_get_unique_board_id_string
                0x10003384      0x1a8 CMakeFiles/tarefa_u4_c8.dir/C_/Users/Sara/.pico-sdk/sdk/2.1.0/src/rp2_common/pico_unique_id/unique_id.c.obj
                0x10003384                pico_get_unique_board_id_string
 .text.flash_get_unique_id
                0x1000352c       0x3c CMakeFiles/tarefa_u4_c8.dir/C_/Users/Sara/.pico-sdk/sdk/2.1.0/src/rp2_common/hardware_flash/flash.c.obj
                0x1000352c                flash_get_unique_id
 .text.dcd_init
                0x10003568       0x8c CMakeFiles/tarefa_u4_c8.dir/C_/Users/Sara/.pico-sdk/sdk/2.1.0/lib/tinyusb/src/portable/raspberrypi/rp2040/dcd_rp2040.c.obj
                0x10003568                dcd_init
 .text.dcd_int_enable
                0x100035f4        0xc CMakeFiles/tarefa_u4_c8.dir/C_/Users/Sara/.pico-sdk/sdk/2.1.0/lib/tinyusb/src/portable/raspberrypi/rp2040/dcd_rp2040.c.obj
                0x100035f4                dcd_int_enable
 .text.dcd_set_address
                0x10003600       0x14 CMakeFiles/tarefa_u4_c8.dir/C_/Users/Sara/.pico-sdk/sdk/2.1.0/lib/tinyusb/src/portable/raspberrypi/rp2040/dcd_rp2040.c.obj
                0x10003600                dcd_set_address
 .text.dcd_sof_enable
                0x10003614       0x1c CMakeFiles/tarefa_u4_c8.dir/C_/Users/Sara/.pico-sdk/sdk/2.1.0/lib/tinyusb/src/portable/raspberrypi/rp2040/dcd_rp2040.c.obj
                0x10003614                dcd_sof_enable
 .text.dcd_edpt0_status_complete
                0x10003630       0x1c CMakeFiles/tarefa_u4_c8.dir/C_/Users/Sara/.pico-sdk/sdk/2.1.0/lib/tinyusb/src/portable/raspberrypi/rp2040/dcd_rp2040.c.obj
                0x10003630                dcd_edpt0_status_complete
 .text.dcd_edpt_open
                0x1000364c      0x108 CMakeFiles/tarefa_u4_c8.dir/C_/Users/Sara/.pico-sdk/sdk/2.1.0/lib/tinyusb/src/portable/raspberrypi/rp2040/dcd_rp2040.c.obj
                0x1000364c                dcd_edpt_open
 .text.dcd_edpt_close_all
                0x10003754        0x8 CMakeFiles/tarefa_u4_c8.dir/C_/Users/Sara/.pico-sdk/sdk/2.1.0/lib/tinyusb/src/portable/raspberrypi/rp2040/dcd_rp2040.c.obj
                0x10003754                dcd_edpt_close_all
 .text.dcd_edpt_xfer
                0x1000375c       0x24 CMakeFiles/tarefa_u4_c8.dir/C_/Users/Sara/.pico-sdk/sdk/2.1.0/lib/tinyusb/src/portable/raspberrypi/rp2040/dcd_rp2040.c.obj
                0x1000375c                dcd_edpt_xfer
 .text.dcd_edpt_stall
                0x10003780       0x34 CMakeFiles/tarefa_u4_c8.dir/C_/Users/Sara/.pico-sdk/sdk/2.1.0/lib/tinyusb/src/portable/raspberrypi/rp2040/dcd_rp2040.c.obj
                0x10003780                dcd_edpt_stall
 .text.dcd_edpt_clear_stall
                0x100037b4       0x30 CMakeFiles/tarefa_u4_c8.dir/C_/Users/Sara/.pico-sdk/sdk/2.1.0/lib/tinyusb/src/portable/raspberrypi/rp2040/dcd_rp2040.c.obj
                0x100037b4                dcd_edpt_clear_stall
 .text.rp2040_usb_init
                0x100037e4       0x40 CMakeFiles/tarefa_u4_c8.dir/C_/Users/Sara/.pico-sdk/sdk/2.1.0/lib/tinyusb/src/portable/raspberrypi/rp2040/rp2040_usb.c.obj
                0x100037e4                rp2040_usb_init
 .text.hw_endpoint_xfer_start
                0x10003824       0x40 CMakeFiles/tarefa_u4_c8.dir/C_/Users/Sara/.pico-sdk/sdk/2.1.0/lib/tinyusb/src/portable/raspberrypi/rp2040/rp2040_usb.c.obj
                0x10003824                hw_endpoint_xfer_start
 .text.tud_event_hook_cb
                0x10003864        0x4 CMakeFiles/tarefa_u4_c8.dir/C_/Users/Sara/.pico-sdk/sdk/2.1.0/lib/tinyusb/src/device/usbd.c.obj
                0x10003864                tud_event_hook_cb
 .text.tud_sof_cb
                0x10003868        0x4 CMakeFiles/tarefa_u4_c8.dir/C_/Users/Sara/.pico-sdk/sdk/2.1.0/lib/tinyusb/src/device/usbd.c.obj
                0x10003868                tud_sof_cb
 .text.tud_descriptor_device_qualifier_cb
                0x1000386c        0x4 CMakeFiles/tarefa_u4_c8.dir/C_/Users/Sara/.pico-sdk/sdk/2.1.0/lib/tinyusb/src/device/usbd.c.obj
                0x1000386c                tud_descriptor_device_qualifier_cb
 .text.tud_descriptor_other_speed_configuration_cb
                0x10003870        0x4 CMakeFiles/tarefa_u4_c8.dir/C_/Users/Sara/.pico-sdk/sdk/2.1.0/lib/tinyusb/src/device/usbd.c.obj
                0x10003870                tud_descriptor_other_speed_configuration_cb
 .text.tud_mount_cb
                0x10003874        0x4 CMakeFiles/tarefa_u4_c8.dir/C_/Users/Sara/.pico-sdk/sdk/2.1.0/lib/tinyusb/src/device/usbd.c.obj
                0x10003874                tud_mount_cb
 .text.tud_umount_cb
                0x10003878        0x4 CMakeFiles/tarefa_u4_c8.dir/C_/Users/Sara/.pico-sdk/sdk/2.1.0/lib/tinyusb/src/device/usbd.c.obj
                0x10003878                tud_umount_cb
 .text.tud_suspend_cb
                0x1000387c        0x4 CMakeFiles/tarefa_u4_c8.dir/C_/Users/Sara/.pico-sdk/sdk/2.1.0/lib/tinyusb/src/device/usbd.c.obj
                0x1000387c                tud_suspend_cb
 .text.tud_resume_cb
                0x10003880        0x4 CMakeFiles/tarefa_u4_c8.dir/C_/Users/Sara/.pico-sdk/sdk/2.1.0/lib/tinyusb/src/device/usbd.c.obj
                0x10003880                tud_resume_cb
 .text.tud_mounted
                0x10003884       0x10 CMakeFiles/tarefa_u4_c8.dir/C_/Users/Sara/.pico-sdk/sdk/2.1.0/lib/tinyusb/src/device/usbd.c.obj
                0x10003884                tud_mounted
 .text.tud_suspended
                0x10003894       0x10 CMakeFiles/tarefa_u4_c8.dir/C_/Users/Sara/.pico-sdk/sdk/2.1.0/lib/tinyusb/src/device/usbd.c.obj
                0x10003894                tud_suspended
 .text.tud_init
                0x100038a4       0xe4 CMakeFiles/tarefa_u4_c8.dir/C_/Users/Sara/.pico-sdk/sdk/2.1.0/lib/tinyusb/src/device/usbd.c.obj
                0x100038a4                tud_init
 .text.tud_task_ext
                0x10003988      0x800 CMakeFiles/tarefa_u4_c8.dir/C_/Users/Sara/.pico-sdk/sdk/2.1.0/lib/tinyusb/src/device/usbd.c.obj
                0x10003988                tud_task_ext
 .text.usbd_open_edpt_pair
                0x10004188       0x9c CMakeFiles/tarefa_u4_c8.dir/C_/Users/Sara/.pico-sdk/sdk/2.1.0/lib/tinyusb/src/device/usbd.c.obj
                0x10004188                usbd_open_edpt_pair
 .text.usbd_edpt_open
                0x10004224       0x34 CMakeFiles/tarefa_u4_c8.dir/C_/Users/Sara/.pico-sdk/sdk/2.1.0/lib/tinyusb/src/device/usbd.c.obj
                0x10004224                usbd_edpt_open
 .text.usbd_edpt_claim
                0x10004258       0x28 CMakeFiles/tarefa_u4_c8.dir/C_/Users/Sara/.pico-sdk/sdk/2.1.0/lib/tinyusb/src/device/usbd.c.obj
                0x10004258                usbd_edpt_claim
 .text.usbd_edpt_release
                0x10004280       0x28 CMakeFiles/tarefa_u4_c8.dir/C_/Users/Sara/.pico-sdk/sdk/2.1.0/lib/tinyusb/src/device/usbd.c.obj
                0x10004280                usbd_edpt_release
 .text.usbd_edpt_xfer
                0x100042a8       0x4c CMakeFiles/tarefa_u4_c8.dir/C_/Users/Sara/.pico-sdk/sdk/2.1.0/lib/tinyusb/src/device/usbd.c.obj
                0x100042a8                usbd_edpt_xfer
 .text.tud_control_status
                0x100042f4       0x2c CMakeFiles/tarefa_u4_c8.dir/C_/Users/Sara/.pico-sdk/sdk/2.1.0/lib/tinyusb/src/device/usbd_control.c.obj
                0x100042f4                tud_control_status
 .text.tud_control_xfer
                0x10004320       0xac CMakeFiles/tarefa_u4_c8.dir/C_/Users/Sara/.pico-sdk/sdk/2.1.0/lib/tinyusb/src/device/usbd_control.c.obj
                0x10004320                tud_control_xfer
 .text.usbd_control_reset
                0x100043cc       0x14 CMakeFiles/tarefa_u4_c8.dir/C_/Users/Sara/.pico-sdk/sdk/2.1.0/lib/tinyusb/src/device/usbd_control.c.obj
                0x100043cc                usbd_control_reset
 .text.usbd_control_set_complete_callback
                0x100043e0        0xc CMakeFiles/tarefa_u4_c8.dir/C_/Users/Sara/.pico-sdk/sdk/2.1.0/lib/tinyusb/src/device/usbd_control.c.obj
                0x100043e0                usbd_control_set_complete_callback
 .text.usbd_control_set_request
                0x100043ec       0x1c CMakeFiles/tarefa_u4_c8.dir/C_/Users/Sara/.pico-sdk/sdk/2.1.0/lib/tinyusb/src/device/usbd_control.c.obj
                0x100043ec                usbd_control_set_request
 .text.usbd_control_xfer_cb
                0x10004408       0xec CMakeFiles/tarefa_u4_c8.dir/C_/Users/Sara/.pico-sdk/sdk/2.1.0/lib/tinyusb/src/device/usbd_control.c.obj
                0x10004408                usbd_control_xfer_cb
 .text._prep_out_transaction.isra.0
                0x100044f4       0x5c CMakeFiles/tarefa_u4_c8.dir/C_/Users/Sara/.pico-sdk/sdk/2.1.0/lib/tinyusb/src/class/cdc/cdc_device.c.obj
 .text.tud_cdc_n_connected
                0x10004550       0x30 CMakeFiles/tarefa_u4_c8.dir/C_/Users/Sara/.pico-sdk/sdk/2.1.0/lib/tinyusb/src/class/cdc/cdc_device.c.obj
                0x10004550                tud_cdc_n_connected
 .text.tud_cdc_n_available
                0x10004580       0x18 CMakeFiles/tarefa_u4_c8.dir/C_/Users/Sara/.pico-sdk/sdk/2.1.0/lib/tinyusb/src/class/cdc/cdc_device.c.obj
                0x10004580                tud_cdc_n_available
 .text.tud_cdc_n_read
                0x10004598       0x98 CMakeFiles/tarefa_u4_c8.dir/C_/Users/Sara/.pico-sdk/sdk/2.1.0/lib/tinyusb/src/class/cdc/cdc_device.c.obj
                0x10004598                tud_cdc_n_read
 .text.tud_cdc_n_write_flush
                0x10004630       0x78 CMakeFiles/tarefa_u4_c8.dir/C_/Users/Sara/.pico-sdk/sdk/2.1.0/lib/tinyusb/src/class/cdc/cdc_device.c.obj
                0x10004630                tud_cdc_n_write_flush
 .text.tud_cdc_n_write
                0x100046a8       0x40 CMakeFiles/tarefa_u4_c8.dir/C_/Users/Sara/.pico-sdk/sdk/2.1.0/lib/tinyusb/src/class/cdc/cdc_device.c.obj
                0x100046a8                tud_cdc_n_write
 .text.tud_cdc_n_write_available
                0x100046e8       0x18 CMakeFiles/tarefa_u4_c8.dir/C_/Users/Sara/.pico-sdk/sdk/2.1.0/lib/tinyusb/src/class/cdc/cdc_device.c.obj
                0x100046e8                tud_cdc_n_write_available
 .text.cdcd_init
                0x10004700       0x7c CMakeFiles/tarefa_u4_c8.dir/C_/Users/Sara/.pico-sdk/sdk/2.1.0/lib/tinyusb/src/class/cdc/cdc_device.c.obj
                0x10004700                cdcd_init
 .text.cdcd_deinit
                0x1000477c       0x34 CMakeFiles/tarefa_u4_c8.dir/C_/Users/Sara/.pico-sdk/sdk/2.1.0/lib/tinyusb/src/class/cdc/cdc_device.c.obj
                0x1000477c                cdcd_deinit
 .text.cdcd_reset
                0x100047b0       0x4c CMakeFiles/tarefa_u4_c8.dir/C_/Users/Sara/.pico-sdk/sdk/2.1.0/lib/tinyusb/src/class/cdc/cdc_device.c.obj
                0x100047b0                cdcd_reset
 .text.cdcd_open
                0x100047fc       0xb0 CMakeFiles/tarefa_u4_c8.dir/C_/Users/Sara/.pico-sdk/sdk/2.1.0/lib/tinyusb/src/class/cdc/cdc_device.c.obj
                0x100047fc                cdcd_open
 .text.cdcd_control_xfer_cb
                0x100048ac       0xe4 CMakeFiles/tarefa_u4_c8.dir/C_/Users/Sara/.pico-sdk/sdk/2.1.0/lib/tinyusb/src/class/cdc/cdc_device.c.obj
                0x100048ac                cdcd_control_xfer_cb
 .text.cdcd_xfer_cb
                0x10004990      0x100 CMakeFiles/tarefa_u4_c8.dir/C_/Users/Sara/.pico-sdk/sdk/2.1.0/lib/tinyusb/src/class/cdc/cdc_device.c.obj
                0x10004990                cdcd_xfer_cb
 .text.vendord_init
                0x10004a90       0x5c CMakeFiles/tarefa_u4_c8.dir/C_/Users/Sara/.pico-sdk/sdk/2.1.0/lib/tinyusb/src/class/vendor/vendor_device.c.obj
                0x10004a90                vendord_init
 .text.vendord_deinit
                0x10004aec       0x1c CMakeFiles/tarefa_u4_c8.dir/C_/Users/Sara/.pico-sdk/sdk/2.1.0/lib/tinyusb/src/class/vendor/vendor_device.c.obj
                0x10004aec                vendord_deinit
 .text.vendord_reset
                0x10004b08       0x20 CMakeFiles/tarefa_u4_c8.dir/C_/Users/Sara/.pico-sdk/sdk/2.1.0/lib/tinyusb/src/class/vendor/vendor_device.c.obj
                0x10004b08                vendord_reset
 .text.vendord_open
                0x10004b28      0x138 CMakeFiles/tarefa_u4_c8.dir/C_/Users/Sara/.pico-sdk/sdk/2.1.0/lib/tinyusb/src/class/vendor/vendor_device.c.obj
                0x10004b28                vendord_open
 .text.vendord_xfer_cb
                0x10004c60       0x9c CMakeFiles/tarefa_u4_c8.dir/C_/Users/Sara/.pico-sdk/sdk/2.1.0/lib/tinyusb/src/class/vendor/vendor_device.c.obj
                0x10004c60                vendord_xfer_cb
 .text.tusb_init
                0x10004cfc        0xc CMakeFiles/tarefa_u4_c8.dir/C_/Users/Sara/.pico-sdk/sdk/2.1.0/lib/tinyusb/src/tusb.c.obj
                0x10004cfc                tusb_init
 .text.tu_edpt_claim
                0x10004d08       0x50 CMakeFiles/tarefa_u4_c8.dir/C_/Users/Sara/.pico-sdk/sdk/2.1.0/lib/tinyusb/src/tusb.c.obj
                0x10004d08                tu_edpt_claim
 .text.tu_edpt_release
                0x10004d58       0x38 CMakeFiles/tarefa_u4_c8.dir/C_/Users/Sara/.pico-sdk/sdk/2.1.0/lib/tinyusb/src/tusb.c.obj
                0x10004d58                tu_edpt_release
 .text.tu_edpt_validate
                0x10004d90       0x7c CMakeFiles/tarefa_u4_c8.dir/C_/Users/Sara/.pico-sdk/sdk/2.1.0/lib/tinyusb/src/tusb.c.obj
                0x10004d90                tu_edpt_validate
 .text.tu_edpt_bind_driver
                0x10004e0c       0x34 CMakeFiles/tarefa_u4_c8.dir/C_/Users/Sara/.pico-sdk/sdk/2.1.0/lib/tinyusb/src/tusb.c.obj
                0x10004e0c                tu_edpt_bind_driver
 .text.tu_edpt_stream_init
                0x10004e40       0x6c CMakeFiles/tarefa_u4_c8.dir/C_/Users/Sara/.pico-sdk/sdk/2.1.0/lib/tinyusb/src/tusb.c.obj
                0x10004e40                tu_edpt_stream_init
 .text.tu_edpt_stream_deinit
                0x10004eac        0x4 CMakeFiles/tarefa_u4_c8.dir/C_/Users/Sara/.pico-sdk/sdk/2.1.0/lib/tinyusb/src/tusb.c.obj
                0x10004eac                tu_edpt_stream_deinit
 .text.tu_edpt_stream_write_zlp_if_needed
                0x10004eb0       0x68 CMakeFiles/tarefa_u4_c8.dir/C_/Users/Sara/.pico-sdk/sdk/2.1.0/lib/tinyusb/src/tusb.c.obj
                0x10004eb0                tu_edpt_stream_write_zlp_if_needed
 .text.tu_edpt_stream_write_xfer
                0x10004f18       0x64 CMakeFiles/tarefa_u4_c8.dir/C_/Users/Sara/.pico-sdk/sdk/2.1.0/lib/tinyusb/src/tusb.c.obj
                0x10004f18                tu_edpt_stream_write_xfer
 .text.tu_edpt_stream_read_xfer
                0x10004f7c       0xdc CMakeFiles/tarefa_u4_c8.dir/C_/Users/Sara/.pico-sdk/sdk/2.1.0/lib/tinyusb/src/tusb.c.obj
                0x10004f7c                tu_edpt_stream_read_xfer
 .text.tu_fifo_config
                0x10005058       0x6c CMakeFiles/tarefa_u4_c8.dir/C_/Users/Sara/.pico-sdk/sdk/2.1.0/lib/tinyusb/src/common/tusb_fifo.c.obj
                0x10005058                tu_fifo_config
 .text.tu_fifo_count
                0x100050c4       0x2c CMakeFiles/tarefa_u4_c8.dir/C_/Users/Sara/.pico-sdk/sdk/2.1.0/lib/tinyusb/src/common/tusb_fifo.c.obj
                0x100050c4                tu_fifo_count
 .text.tu_fifo_empty
                0x100050f0       0x10 CMakeFiles/tarefa_u4_c8.dir/C_/Users/Sara/.pico-sdk/sdk/2.1.0/lib/tinyusb/src/common/tusb_fifo.c.obj
                0x100050f0                tu_fifo_empty
 .text.tu_fifo_remaining
                0x10005100       0x2c CMakeFiles/tarefa_u4_c8.dir/C_/Users/Sara/.pico-sdk/sdk/2.1.0/lib/tinyusb/src/common/tusb_fifo.c.obj
                0x10005100                tu_fifo_remaining
 .text.tu_fifo_read
                0x1000512c       0x9c CMakeFiles/tarefa_u4_c8.dir/C_/Users/Sara/.pico-sdk/sdk/2.1.0/lib/tinyusb/src/common/tusb_fifo.c.obj
                0x1000512c                tu_fifo_read
 .text.tu_fifo_read_n
                0x100051c8       0xe8 CMakeFiles/tarefa_u4_c8.dir/C_/Users/Sara/.pico-sdk/sdk/2.1.0/lib/tinyusb/src/common/tusb_fifo.c.obj
                0x100051c8                tu_fifo_read_n
 .text.tu_fifo_write
                0x100052b0       0xa8 CMakeFiles/tarefa_u4_c8.dir/C_/Users/Sara/.pico-sdk/sdk/2.1.0/lib/tinyusb/src/common/tusb_fifo.c.obj
                0x100052b0                tu_fifo_write
 .text.tu_fifo_write_n
                0x10005358      0x178 CMakeFiles/tarefa_u4_c8.dir/C_/Users/Sara/.pico-sdk/sdk/2.1.0/lib/tinyusb/src/common/tusb_fifo.c.obj
                0x10005358                tu_fifo_write_n
 .text.tu_fifo_clear
                0x100054d0       0x40 CMakeFiles/tarefa_u4_c8.dir/C_/Users/Sara/.pico-sdk/sdk/2.1.0/lib/tinyusb/src/common/tusb_fifo.c.obj
                0x100054d0                tu_fifo_clear
 .text.tu_fifo_set_overwritable
                0x10005510       0x48 CMakeFiles/tarefa_u4_c8.dir/C_/Users/Sara/.pico-sdk/sdk/2.1.0/lib/tinyusb/src/common/tusb_fifo.c.obj
                0x10005510                tu_fifo_set_overwritable
 .text.adc_init
                0x10005558       0x38 CMakeFiles/tarefa_u4_c8.dir/C_/Users/Sara/.pico-sdk/sdk/2.1.0/src/rp2_common/hardware_adc/adc.c.obj
                0x10005558                adc_init
 .text.i2c_write_blocking_internal.constprop.0
                0x10005590       0xd0 CMakeFiles/tarefa_u4_c8.dir/C_/Users/Sara/.pico-sdk/sdk/2.1.0/src/rp2_common/hardware_i2c/i2c.c.obj
 .text.i2c_set_baudrate
                0x10005660       0xc0 CMakeFiles/tarefa_u4_c8.dir/C_/Users/Sara/.pico-sdk/sdk/2.1.0/src/rp2_common/hardware_i2c/i2c.c.obj
                0x10005660                i2c_set_baudrate
 .text.i2c_init
                0x10005720       0x50 CMakeFiles/tarefa_u4_c8.dir/C_/Users/Sara/.pico-sdk/sdk/2.1.0/src/rp2_common/hardware_i2c/i2c.c.obj
                0x10005720                i2c_init
 .text.i2c_write_blocking
                0x10005770       0x14 CMakeFiles/tarefa_u4_c8.dir/C_/Users/Sara/.pico-sdk/sdk/2.1.0/src/rp2_common/hardware_i2c/i2c.c.obj
                0x10005770                i2c_write_blocking
 .text.calloc   0x10005784       0x18 C:/Users/Sara/.pico-sdk/toolchain/13_3_Rel1/bin/../lib/gcc/arm-none-eabi/13.3.1/thumb/v6-m/nofp\libg.a(libc_a-calloc.o)
                0x10005784                calloc
 .text._calloc_r
                0x1000579c       0xa8 C:/Users/Sara/.pico-sdk/toolchain/13_3_Rel1/bin/../lib/gcc/arm-none-eabi/13.3.1/thumb/v6-m/nofp\libg.a(libc_a-callocr.o)
                0x1000579c                _calloc_r
 .text._malloc_r
                0x10005844      0x5c4 C:/Users/Sara/.pico-sdk/toolchain/13_3_Rel1/bin/../lib/gcc/arm-none-eabi/13.3.1/thumb/v6-m/nofp\libg.a(libc_a-mallocr.o)
                0x10005844                _malloc_r
 .text.__malloc_lock
                0x10005e08       0x10 C:/Users/Sara/.pico-sdk/toolchain/13_3_Rel1/bin/../lib/gcc/arm-none-eabi/13.3.1/thumb/v6-m/nofp\libg.a(libc_a-mlock.o)
                0x10005e08                __malloc_lock
 .text.__malloc_unlock
                0x10005e18       0x10 C:/Users/Sara/.pico-sdk/toolchain/13_3_Rel1/bin/../lib/gcc/arm-none-eabi/13.3.1/thumb/v6-m/nofp\libg.a(libc_a-mlock.o)
                0x10005e18                __malloc_unlock
 .text._sbrk_r  0x10005e28       0x24 C:/Users/Sara/.pico-sdk/toolchain/13_3_Rel1/bin/../lib/gcc/arm-none-eabi/13.3.1/thumb/v6-m/nofp\libg.a(libc_a-sbrkr.o)
                0x10005e28                _sbrk_r
 .text.__errno  0x10005e4c        0xc C:/Users/Sara/.pico-sdk/toolchain/13_3_Rel1/bin/../lib/gcc/arm-none-eabi/13.3.1/thumb/v6-m/nofp\libg.a(libc_a-errno.o)
                0x10005e4c                __errno
 .text.__retarget_lock_acquire_recursive
                0x10005e58        0x4 C:/Users/Sara/.pico-sdk/toolchain/13_3_Rel1/bin/../lib/gcc/arm-none-eabi/13.3.1/thumb/v6-m/nofp\libg.a(libc_a-lock.o)
                0x10005e58                __retarget_lock_acquire_recursive
 .text.__retarget_lock_release_recursive
                0x10005e5c        0x4 C:/Users/Sara/.pico-sdk/toolchain/13_3_Rel1/bin/../lib/gcc/arm-none-eabi/13.3.1/thumb/v6-m/nofp\libg.a(libc_a-lock.o)
                0x10005e5c                __retarget_lock_release_recursive
 .text.sysconf  0x10005e60       0x1c C:/Users/Sara/.pico-sdk/toolchain/13_3_Rel1/bin/../lib/gcc/arm-none-eabi/13.3.1/thumb/v6-m/nofp\libg.a(libc_a-sysconf.o)
                0x10005e60                sysconf
 .text.strlen   0x10005e7c       0x5c C:/Users/Sara/.pico-sdk/toolchain/13_3_Rel1/bin/../lib/gcc/arm-none-eabi/13.3.1/thumb/v6-m/nofp\libg.a(libc_a-strlen-stub.o)
                0x10005e7c                strlen
 .text._malloc_trim_r
                0x10005ed8       0xb4 C:/Users/Sara/.pico-sdk/toolchain/13_3_Rel1/bin/../lib/gcc/arm-none-eabi/13.3.1/thumb/v6-m/nofp\libg.a(libc_a-freer.o)
                0x10005ed8                _malloc_trim_r
 .text._free_r  0x10005f8c      0x1d4 C:/Users/Sara/.pico-sdk/toolchain/13_3_Rel1/bin/../lib/gcc/arm-none-eabi/13.3.1/thumb/v6-m/nofp\libg.a(libc_a-freer.o)
                0x10005f8c                _free_r
 *(.fini)
 .fini          0x10006160        0x4 C:/Users/Sara/.pico-sdk/toolchain/13_3_Rel1/bin/../lib/gcc/arm-none-eabi/13.3.1/thumb/v6-m/nofp/crti.o
                0x10006160                _fini
 *fill*         0x10006164        0x4 
 .fini.__stub   0x10006168       0xb0 linker stubs
 *crtbegin.o(.ctors)
 *crtbegin?.o(.ctors)
 *(EXCLUDE_FILE(*crtend.o *crtend?.o) .ctors)
 *(SORT_BY_NAME(.ctors.*))
 *(.ctors)
 *crtbegin.o(.dtors)
 *crtbegin?.o(.dtors)
 *(EXCLUDE_FILE(*crtend.o *crtend?.o) .dtors)
 *(SORT_BY_NAME(.dtors.*))
 *(.dtors)
                0x10006218                        . = ALIGN (0x4)
                0x10006218                        PROVIDE (__preinit_array_start = .)
 *(SORT_BY_NAME(.preinit_array.*))
 .preinit_array.00100
                0x10006218        0x4 CMakeFiles/tarefa_u4_c8.dir/C_/Users/Sara/.pico-sdk/sdk/2.1.0/src/rp2_common/pico_runtime_init/runtime_init.c.obj
                0x10006218                __pre_init_runtime_init_early_resets
 .preinit_array.00101
                0x1000621c        0x4 CMakeFiles/tarefa_u4_c8.dir/C_/Users/Sara/.pico-sdk/sdk/2.1.0/src/rp2_common/pico_runtime_init/runtime_init.c.obj
                0x1000621c                __pre_init_runtime_init_usb_power_down
 .preinit_array.00275
                0x10006220        0x4 CMakeFiles/tarefa_u4_c8.dir/C_/Users/Sara/.pico-sdk/sdk/2.1.0/src/rp2_common/pico_bit_ops/bit_ops_aeabi.S.obj
 .preinit_array.00300
                0x10006224        0x4 CMakeFiles/tarefa_u4_c8.dir/C_/Users/Sara/.pico-sdk/sdk/2.1.0/src/rp2_common/pico_mem_ops/mem_ops_aeabi.S.obj
 .preinit_array.00350
                0x10006228        0x4 CMakeFiles/tarefa_u4_c8.dir/C_/Users/Sara/.pico-sdk/sdk/2.1.0/src/rp2_common/pico_double/double_aeabi_rp2040.S.obj
 .preinit_array.00350
                0x1000622c        0x4 CMakeFiles/tarefa_u4_c8.dir/C_/Users/Sara/.pico-sdk/sdk/2.1.0/src/rp2_common/pico_float/float_aeabi_rp2040.S.obj
 .preinit_array.00500
                0x10006230        0x4 CMakeFiles/tarefa_u4_c8.dir/C_/Users/Sara/.pico-sdk/sdk/2.1.0/src/rp2_common/pico_runtime_init/runtime_init.c.obj
                0x10006230                __pre_init_runtime_init_clocks
 .preinit_array.00600
                0x10006234        0x4 CMakeFiles/tarefa_u4_c8.dir/C_/Users/Sara/.pico-sdk/sdk/2.1.0/src/rp2_common/pico_runtime_init/runtime_init.c.obj
                0x10006234                __pre_init_runtime_init_post_clock_resets
 .preinit_array.00700
                0x10006238        0x4 CMakeFiles/tarefa_u4_c8.dir/C_/Users/Sara/.pico-sdk/sdk/2.1.0/src/rp2_common/pico_runtime_init/runtime_init.c.obj
                0x10006238                __pre_init_runtime_init_rp2040_gpio_ie_disable
 .preinit_array.01000
                0x1000623c        0x4 CMakeFiles/tarefa_u4_c8.dir/C_/Users/Sara/.pico-sdk/sdk/2.1.0/src/rp2_common/pico_runtime_init/runtime_init.c.obj
                0x1000623c                __pre_init_runtime_init_spin_locks_reset
 .preinit_array.01100
                0x10006240        0x4 CMakeFiles/tarefa_u4_c8.dir/C_/Users/Sara/.pico-sdk/sdk/2.1.0/src/common/pico_sync/mutex.c.obj
                0x10006240                __pre_init_runtime_init_mutex
 .preinit_array.10080
                0x10006244        0x4 CMakeFiles/tarefa_u4_c8.dir/C_/Users/Sara/.pico-sdk/sdk/2.1.0/src/rp2_common/pico_runtime_init/runtime_init.c.obj
                0x10006244                __pre_init_runtime_init_install_ram_vector_table
 .preinit_array.11000
                0x10006248        0x4 CMakeFiles/tarefa_u4_c8.dir/C_/Users/Sara/.pico-sdk/sdk/2.1.0/src/common/pico_time/time.c.obj
                0x10006248                __pre_init_runtime_init_default_alarm_pool
 .preinit_array.YYYYY
                0x1000624c        0x4 CMakeFiles/tarefa_u4_c8.dir/C_/Users/Sara/.pico-sdk/sdk/2.1.0/src/rp2_common/pico_runtime/runtime.c.obj
                0x1000624c                __pre_init_first_per_core_initializer
 .preinit_array.ZZZZZ.01200
                0x10006250        0x4 CMakeFiles/tarefa_u4_c8.dir/C_/Users/Sara/.pico-sdk/sdk/2.1.0/src/rp2_common/hardware_irq/irq.c.obj
                0x10006250                __pre_init_runtime_init_per_core_irq_priorities
 *(.preinit_array)
                0x10006254                        PROVIDE (__preinit_array_end = .)
                0x10006254                        . = ALIGN (0x4)
                0x10006254                        PROVIDE (__init_array_start = .)
 *(SORT_BY_NAME(.init_array.*))
 *(.init_array)
 .init_array    0x10006254        0x4 C:/Users/Sara/.pico-sdk/toolchain/13_3_Rel1/bin/../lib/gcc/arm-none-eabi/13.3.1/thumb/v6-m/nofp/crtbegin.o
 .init_array    0x10006258        0x4 CMakeFiles/tarefa_u4_c8.dir/C_/Users/Sara/.pico-sdk/sdk/2.1.0/src/rp2_common/pico_unique_id/unique_id.c.obj
                0x1000625c                        PROVIDE (__init_array_end = .)
                0x1000625c                        . = ALIGN (0x4)
                [!provide]                        PROVIDE (__fini_array_start = .)
 *(SORT_BY_NAME(.fini_array.*))
 *(.fini_array)
                [!provide]                        PROVIDE (__fini_array_end = .)
 *(.eh_frame*)
 .eh_frame      0x1000625c        0x0 C:/Users/Sara/.pico-sdk/toolchain/13_3_Rel1/bin/../lib/gcc/arm-none-eabi/13.3.1/thumb/v6-m/nofp/crtbegin.o
                0x1000625c                        . = ALIGN (0x4)

.glue_7         0x1000625c        0x0
 .glue_7        0x1000625c        0x0 linker stubs

.glue_7t        0x1000625c        0x0
 .glue_7t       0x1000625c        0x0 linker stubs

.vfp11_veneer   0x1000625c        0x0
 .vfp11_veneer  0x1000625c        0x0 linker stubs

.v4_bx          0x1000625c        0x0
 .v4_bx         0x1000625c        0x0 linker stubs

.iplt           0x1000625c        0x0
 .iplt          0x1000625c        0x0 C:/Users/Sara/.pico-sdk/toolchain/13_3_Rel1/bin/../lib/gcc/arm-none-eabi/13.3.1/thumb/v6-m/nofp/crtbegin.o

.rodata         0x1000625c      0x678
 *(EXCLUDE_FILE(*libm.a: *libc.a:*lib_a-mem*.o *libgcc.a:) .rodata*)
 .rodata.viewDisplay.str1.4
                0x1000625c      0x1b4 CMakeFiles/tarefa_u4_c8.dir/tarefa_u4_c8.c.obj
                                  0x2 (size before relaxing)
 .rodata.main.str1.4
                0x10006410       0x25 CMakeFiles/tarefa_u4_c8.dir/tarefa_u4_c8.c.obj
 .rodata.font   0x10006410      0x200 CMakeFiles/tarefa_u4_c8.dir/inc/ssd1306.c.obj
 .rodata.panic.str1.4
                0x10006610       0x12 CMakeFiles/tarefa_u4_c8.dir/C_/Users/Sara/.pico-sdk/sdk/2.1.0/src/rp2_common/pico_platform_panic/panic.c.obj
 .rodata.spin_lock_claim_unused.str1.4
                0x10006610       0x1b CMakeFiles/tarefa_u4_c8.dir/C_/Users/Sara/.pico-sdk/sdk/2.1.0/src/rp2_common/hardware_sync/sync.c.obj
 .rodata.user_irq_claim_unused.str1.4
                0x10006610       0x1b CMakeFiles/tarefa_u4_c8.dir/C_/Users/Sara/.pico-sdk/sdk/2.1.0/src/rp2_common/hardware_irq/irq.c.obj
 .rodata.timer_hardware_alarm_claim.str1.4
                0x10006610       0x22 CMakeFiles/tarefa_u4_c8.dir/C_/Users/Sara/.pico-sdk/sdk/2.1.0/src/rp2_common/hardware_timer/timer.c.obj
 .rodata.hard_assertion_failure.str1.4
                0x10006610        0xc CMakeFiles/tarefa_u4_c8.dir/C_/Users/Sara/.pico-sdk/sdk/2.1.0/src/rp2_common/pico_runtime/runtime.c.obj
 .rodata.missing_double_func_shim.str1.4
                0x10006610       0x18 CMakeFiles/tarefa_u4_c8.dir/C_/Users/Sara/.pico-sdk/sdk/2.1.0/src/rp2_common/pico_double/double_init_rom_rp2040.c.obj
 .rodata.missing_float_func_shim.str1.4
                0x10006610        0x1 CMakeFiles/tarefa_u4_c8.dir/C_/Users/Sara/.pico-sdk/sdk/2.1.0/src/rp2_common/pico_float/float_init_rom_rp2040.c.obj
 .rodata.__wrap_malloc.str1.4
                0x10006610        0xe CMakeFiles/tarefa_u4_c8.dir/C_/Users/Sara/.pico-sdk/sdk/2.1.0/src/rp2_common/pico_malloc/malloc.c.obj
 .rodata.str1.4
                0x10006610       0x48 CMakeFiles/tarefa_u4_c8.dir/C_/Users/Sara/.pico-sdk/sdk/2.1.0/src/rp2_common/pico_standard_binary_info/standard_binary_info.c.obj
 .rodata.__bi_84
                0x10006610        0xc CMakeFiles/tarefa_u4_c8.dir/C_/Users/Sara/.pico-sdk/sdk/2.1.0/src/rp2_common/pico_standard_binary_info/standard_binary_info.c.obj
 .rodata.__bi_78
                0x1000661c        0xc CMakeFiles/tarefa_u4_c8.dir/C_/Users/Sara/.pico-sdk/sdk/2.1.0/src/rp2_common/pico_standard_binary_info/standard_binary_info.c.obj
 .rodata.__bi_60
                0x10006628        0xc CMakeFiles/tarefa_u4_c8.dir/C_/Users/Sara/.pico-sdk/sdk/2.1.0/src/rp2_common/pico_standard_binary_info/standard_binary_info.c.obj
 .rodata.__bi_54
                0x10006634        0xc CMakeFiles/tarefa_u4_c8.dir/C_/Users/Sara/.pico-sdk/sdk/2.1.0/src/rp2_common/pico_standard_binary_info/standard_binary_info.c.obj
 .rodata.__bi_48
                0x10006640        0xc CMakeFiles/tarefa_u4_c8.dir/C_/Users/Sara/.pico-sdk/sdk/2.1.0/src/rp2_common/pico_standard_binary_info/standard_binary_info.c.obj
 .rodata.__bi_42
                0x1000664c        0xc CMakeFiles/tarefa_u4_c8.dir/C_/Users/Sara/.pico-sdk/sdk/2.1.0/src/rp2_common/pico_standard_binary_info/standard_binary_info.c.obj
 .rodata.__bi_34
                0x10006658        0xc CMakeFiles/tarefa_u4_c8.dir/C_/Users/Sara/.pico-sdk/sdk/2.1.0/src/rp2_common/pico_standard_binary_info/standard_binary_info.c.obj
 .rodata.__bi_26
                0x10006664        0xc CMakeFiles/tarefa_u4_c8.dir/C_/Users/Sara/.pico-sdk/sdk/2.1.0/src/rp2_common/pico_standard_binary_info/standard_binary_info.c.obj
 .rodata.crlf_str.0
                0x10006670        0x2 CMakeFiles/tarefa_u4_c8.dir/C_/Users/Sara/.pico-sdk/sdk/2.1.0/src/rp2_common/pico_stdio/stdio.c.obj
 *fill*         0x10006672        0x2 
 .rodata._resetd_driver
                0x10006674       0x20 CMakeFiles/tarefa_u4_c8.dir/C_/Users/Sara/.pico-sdk/sdk/2.1.0/src/rp2_common/pico_stdio_usb/reset_interface.c.obj
 .rodata.desc_ms_os_20
                0x10006694       0xa6 CMakeFiles/tarefa_u4_c8.dir/C_/Users/Sara/.pico-sdk/sdk/2.1.0/src/rp2_common/pico_stdio_usb/reset_interface.c.obj
 *fill*         0x1000673a        0x2 
 .rodata.desc_bos
                0x1000673c       0x21 CMakeFiles/tarefa_u4_c8.dir/C_/Users/Sara/.pico-sdk/sdk/2.1.0/src/rp2_common/pico_stdio_usb/reset_interface.c.obj
                0x1000673c                desc_bos
 .rodata.str1.4
                0x1000675d       0x13 CMakeFiles/tarefa_u4_c8.dir/C_/Users/Sara/.pico-sdk/sdk/2.1.0/src/rp2_common/pico_stdio_usb/stdio_usb.c.obj
 *fill*         0x1000675d        0x3 
 .rodata.__bi_197.0
                0x10006760        0xc CMakeFiles/tarefa_u4_c8.dir/C_/Users/Sara/.pico-sdk/sdk/2.1.0/src/rp2_common/pico_stdio_usb/stdio_usb.c.obj
 .rodata.str1.4
                0x1000676c       0x2a CMakeFiles/tarefa_u4_c8.dir/C_/Users/Sara/.pico-sdk/sdk/2.1.0/src/rp2_common/pico_stdio_usb/stdio_usb_descriptors.c.obj
 .rodata.usbd_desc_str
                0x1000676c       0x18 CMakeFiles/tarefa_u4_c8.dir/C_/Users/Sara/.pico-sdk/sdk/2.1.0/src/rp2_common/pico_stdio_usb/stdio_usb_descriptors.c.obj
 .rodata.usbd_desc_cfg
                0x10006784       0x54 CMakeFiles/tarefa_u4_c8.dir/C_/Users/Sara/.pico-sdk/sdk/2.1.0/src/rp2_common/pico_stdio_usb/stdio_usb_descriptors.c.obj
 .rodata.usbd_desc_device
                0x100067d8       0x12 CMakeFiles/tarefa_u4_c8.dir/C_/Users/Sara/.pico-sdk/sdk/2.1.0/src/rp2_common/pico_stdio_usb/stdio_usb_descriptors.c.obj
 .rodata.str1.4
                0x100067ea       0x14 CMakeFiles/tarefa_u4_c8.dir/C_/Users/Sara/.pico-sdk/sdk/2.1.0/lib/tinyusb/src/portable/raspberrypi/rp2040/dcd_rp2040.c.obj
 .rodata.str1.4
                0x100067ea       0x48 CMakeFiles/tarefa_u4_c8.dir/C_/Users/Sara/.pico-sdk/sdk/2.1.0/lib/tinyusb/src/portable/raspberrypi/rp2040/rp2040_usb.c.obj
 *fill*         0x100067ea        0x2 
 .rodata.tud_task_ext
                0x100067ec       0x8c CMakeFiles/tarefa_u4_c8.dir/C_/Users/Sara/.pico-sdk/sdk/2.1.0/lib/tinyusb/src/device/usbd.c.obj
 .rodata        0x10006878       0x1c CMakeFiles/tarefa_u4_c8.dir/C_/Users/Sara/.pico-sdk/sdk/2.1.0/lib/tinyusb/src/device/usbd.c.obj
 .rodata._usbd_driver
                0x10006894       0x40 CMakeFiles/tarefa_u4_c8.dir/C_/Users/Sara/.pico-sdk/sdk/2.1.0/lib/tinyusb/src/device/usbd.c.obj
                0x100068d4                        . = ALIGN (0x4)
 *(SORT_BY_ALIGNMENT(SORT_BY_NAME(.flashdata*)))
                0x100068d4                        . = ALIGN (0x4)

.ARM.extab
 *(.ARM.extab* .gnu.linkonce.armextab.*)
                0x100068d4                        __exidx_start = .

.ARM.exidx
 *(.ARM.exidx* .gnu.linkonce.armexidx.*)
                0x100068d4                        __exidx_end = .
                0x100068d4                        . = ALIGN (0x4)
                0x100068d4                        __binary_info_start = .

.binary_info    0x100068d4       0x24
 *(.binary_info.keep.*)
 .binary_info.keep.__bi_ptr84
                0x100068d4        0x4 CMakeFiles/tarefa_u4_c8.dir/C_/Users/Sara/.pico-sdk/sdk/2.1.0/src/rp2_common/pico_standard_binary_info/standard_binary_info.c.obj
 .binary_info.keep.__bi_ptr78
                0x100068d8        0x4 CMakeFiles/tarefa_u4_c8.dir/C_/Users/Sara/.pico-sdk/sdk/2.1.0/src/rp2_common/pico_standard_binary_info/standard_binary_info.c.obj
 .binary_info.keep.__bi_ptr60
                0x100068dc        0x4 CMakeFiles/tarefa_u4_c8.dir/C_/Users/Sara/.pico-sdk/sdk/2.1.0/src/rp2_common/pico_standard_binary_info/standard_binary_info.c.obj
 .binary_info.keep.__bi_ptr54
                0x100068e0        0x4 CMakeFiles/tarefa_u4_c8.dir/C_/Users/Sara/.pico-sdk/sdk/2.1.0/src/rp2_common/pico_standard_binary_info/standard_binary_info.c.obj
 .binary_info.keep.__bi_ptr48
                0x100068e4        0x4 CMakeFiles/tarefa_u4_c8.dir/C_/Users/Sara/.pico-sdk/sdk/2.1.0/src/rp2_common/pico_standard_binary_info/standard_binary_info.c.obj
 .binary_info.keep.__bi_ptr42
                0x100068e8        0x4 CMakeFiles/tarefa_u4_c8.dir/C_/Users/Sara/.pico-sdk/sdk/2.1.0/src/rp2_common/pico_standard_binary_info/standard_binary_info.c.obj
 .binary_info.keep.__bi_ptr34
                0x100068ec        0x4 CMakeFiles/tarefa_u4_c8.dir/C_/Users/Sara/.pico-sdk/sdk/2.1.0/src/rp2_common/pico_standard_binary_info/standard_binary_info.c.obj
 .binary_info.keep.__bi_ptr26
                0x100068f0        0x4 CMakeFiles/tarefa_u4_c8.dir/C_/Users/Sara/.pico-sdk/sdk/2.1.0/src/rp2_common/pico_standard_binary_info/standard_binary_info.c.obj
 *(.binary_info.*)
 .binary_info.__bi_ptr197
                0x100068f4        0x4 CMakeFiles/tarefa_u4_c8.dir/C_/Users/Sara/.pico-sdk/sdk/2.1.0/src/rp2_common/pico_stdio_usb/stdio_usb.c.obj
                0x100068f8                        __binary_info_end = .

.rel.dyn        0x100068f8        0x0
 .rel.iplt      0x100068f8        0x0 C:/Users/Sara/.pico-sdk/toolchain/13_3_Rel1/bin/../lib/gcc/arm-none-eabi/13.3.1/thumb/v6-m/nofp/crtbegin.o
                0x100068f8                        . = ALIGN (0x4)

.ram_vector_table
                0x20000000       0xc0
 *(.ram_vector_table)
 .ram_vector_table
                0x20000000       0xc0 CMakeFiles/tarefa_u4_c8.dir/C_/Users/Sara/.pico-sdk/sdk/2.1.0/src/rp2_common/pico_runtime_init/runtime_init.c.obj
                0x20000000                ram_vector_table

.uninitialized_data
                0x200000c0        0x0
                0x200000c0                        . = ALIGN (0x4)
 *(.uninitialized_data*)

.data           0x200000c0     0x1508 load address 0x100068f8
                0x200000c0                        __data_start__ = .
 *(vtable)
 *(.time_critical*)
 .time_critical.mutex_try_enter
                0x200000c0       0x40 CMakeFiles/tarefa_u4_c8.dir/C_/Users/Sara/.pico-sdk/sdk/2.1.0/src/common/pico_sync/mutex.c.obj
                0x200000c0                mutex_try_enter
 .time_critical.mutex_try_enter_block_until
                0x20000100       0x9c CMakeFiles/tarefa_u4_c8.dir/C_/Users/Sara/.pico-sdk/sdk/2.1.0/src/common/pico_sync/mutex.c.obj
                0x20000100                mutex_try_enter_block_until
 .time_critical.mutex_enter_timeout_ms
                0x2000019c       0x90 CMakeFiles/tarefa_u4_c8.dir/C_/Users/Sara/.pico-sdk/sdk/2.1.0/src/common/pico_sync/mutex.c.obj
                0x2000019c                mutex_enter_timeout_ms
 .time_critical.mutex_exit
                0x2000022c       0x28 CMakeFiles/tarefa_u4_c8.dir/C_/Users/Sara/.pico-sdk/sdk/2.1.0/src/common/pico_sync/mutex.c.obj
                0x2000022c                mutex_exit
 .time_critical.flash_init_boot2_copyout
                0x20000254       0x30 CMakeFiles/tarefa_u4_c8.dir/C_/Users/Sara/.pico-sdk/sdk/2.1.0/src/rp2_common/hardware_flash/flash.c.obj
 .time_critical.flash_enable_xip_via_boot2
                0x20000284        0xc CMakeFiles/tarefa_u4_c8.dir/C_/Users/Sara/.pico-sdk/sdk/2.1.0/src/rp2_common/hardware_flash/flash.c.obj
 .time_critical.flash_cs_force
                0x20000290       0x38 CMakeFiles/tarefa_u4_c8.dir/C_/Users/Sara/.pico-sdk/sdk/2.1.0/src/rp2_common/hardware_flash/flash.c.obj
 .time_critical.flash_do_cmd
                0x200002c8       0xc0 CMakeFiles/tarefa_u4_c8.dir/C_/Users/Sara/.pico-sdk/sdk/2.1.0/src/rp2_common/hardware_flash/flash.c.obj
                0x200002c8                flash_do_cmd
 .time_critical.reset_non_control_endpoints
                0x20000388       0x68 CMakeFiles/tarefa_u4_c8.dir/C_/Users/Sara/.pico-sdk/sdk/2.1.0/lib/tinyusb/src/portable/raspberrypi/rp2040/dcd_rp2040.c.obj
 .time_critical.hw_handle_buff_status
                0x200003f0       0xb0 CMakeFiles/tarefa_u4_c8.dir/C_/Users/Sara/.pico-sdk/sdk/2.1.0/lib/tinyusb/src/portable/raspberrypi/rp2040/dcd_rp2040.c.obj
 .time_critical.dcd_rp2040_irq
                0x200004a0      0x578 CMakeFiles/tarefa_u4_c8.dir/C_/Users/Sara/.pico-sdk/sdk/2.1.0/lib/tinyusb/src/portable/raspberrypi/rp2040/dcd_rp2040.c.obj
 .time_critical.prepare_ep_buffer
                0x20000a18       0xe0 CMakeFiles/tarefa_u4_c8.dir/C_/Users/Sara/.pico-sdk/sdk/2.1.0/lib/tinyusb/src/portable/raspberrypi/rp2040/rp2040_usb.c.obj
 .time_critical.sync_ep_buffer
                0x20000af8       0xa8 CMakeFiles/tarefa_u4_c8.dir/C_/Users/Sara/.pico-sdk/sdk/2.1.0/lib/tinyusb/src/portable/raspberrypi/rp2040/rp2040_usb.c.obj
 .time_critical._hw_endpoint_xfer_sync
                0x20000ba0       0x28 CMakeFiles/tarefa_u4_c8.dir/C_/Users/Sara/.pico-sdk/sdk/2.1.0/lib/tinyusb/src/portable/raspberrypi/rp2040/rp2040_usb.c.obj
 .time_critical.e15_is_bulkin_ep
                0x20000bc8       0x28 CMakeFiles/tarefa_u4_c8.dir/C_/Users/Sara/.pico-sdk/sdk/2.1.0/lib/tinyusb/src/portable/raspberrypi/rp2040/rp2040_usb.c.obj
 .time_critical.e15_is_critical_frame_period
                0x20000bf0       0x34 CMakeFiles/tarefa_u4_c8.dir/C_/Users/Sara/.pico-sdk/sdk/2.1.0/lib/tinyusb/src/portable/raspberrypi/rp2040/rp2040_usb.c.obj
 .time_critical.hw_endpoint_reset_transfer
                0x20000c24        0xc CMakeFiles/tarefa_u4_c8.dir/C_/Users/Sara/.pico-sdk/sdk/2.1.0/lib/tinyusb/src/portable/raspberrypi/rp2040/rp2040_usb.c.obj
                0x20000c24                hw_endpoint_reset_transfer
 .time_critical._hw_endpoint_buffer_control_update32
                0x20000c30       0x50 CMakeFiles/tarefa_u4_c8.dir/C_/Users/Sara/.pico-sdk/sdk/2.1.0/lib/tinyusb/src/portable/raspberrypi/rp2040/rp2040_usb.c.obj
                0x20000c30                _hw_endpoint_buffer_control_update32
 .time_critical.hw_endpoint_start_next_buffer
                0x20000c80       0x6c CMakeFiles/tarefa_u4_c8.dir/C_/Users/Sara/.pico-sdk/sdk/2.1.0/lib/tinyusb/src/portable/raspberrypi/rp2040/rp2040_usb.c.obj
                0x20000c80                hw_endpoint_start_next_buffer
 .time_critical.hw_endpoint_xfer_continue
                0x20000cec       0x40 CMakeFiles/tarefa_u4_c8.dir/C_/Users/Sara/.pico-sdk/sdk/2.1.0/lib/tinyusb/src/portable/raspberrypi/rp2040/rp2040_usb.c.obj
                0x20000cec                hw_endpoint_xfer_continue
 .time_critical.tinyusb
                0x20000d2c      0x1e4 CMakeFiles/tarefa_u4_c8.dir/C_/Users/Sara/.pico-sdk/sdk/2.1.0/lib/tinyusb/src/device/usbd.c.obj
                0x20000d2c                dcd_event_handler
 *(.text*)
 .text          0x20000f10        0x4 C:/Users/Sara/.pico-sdk/toolchain/13_3_Rel1/bin/../lib/gcc/arm-none-eabi/13.3.1/thumb/v6-m/nofp\libgcc.a(_dvmd_tls.o)
                0x20000f10                __aeabi_idiv0
                0x20000f10                __aeabi_ldiv0
 *fill*         0x20000f14        0x4 
 .text.__stub   0x20000f18       0x80 linker stubs
                0x20000f98                        . = ALIGN (0x4)
 *(.rodata*)
                0x20000f98                        . = ALIGN (0x4)
 *(.data*)
 .data.cor      0x20000f98        0x1 CMakeFiles/tarefa_u4_c8.dir/tarefa_u4_c8.c.obj
                0x20000f98                cor
 .data.estado_led_pwm
                0x20000f99        0x1 CMakeFiles/tarefa_u4_c8.dir/tarefa_u4_c8.c.obj
                0x20000f99                estado_led_pwm
 .data.striped_spin_lock_num
                0x20000f9a        0x1 CMakeFiles/tarefa_u4_c8.dir/C_/Users/Sara/.pico-sdk/sdk/2.1.0/src/rp2_common/hardware_sync/sync.c.obj
 *fill*         0x20000f9b        0x1 
 .data          0x20000f9c       0x48 CMakeFiles/tarefa_u4_c8.dir/C_/Users/Sara/.pico-sdk/sdk/2.1.0/src/rp2_common/hardware_irq/irq_handler_chain.S.obj
                0x20000f9c                irq_handler_chain_slots
                0x20000fcc                irq_handler_chain_first_slot
                0x20000fd6                irq_handler_chain_remove_tail
 .data.default_alarm_pool
                0x20000fe4       0x18 CMakeFiles/tarefa_u4_c8.dir/C_/Users/Sara/.pico-sdk/sdk/2.1.0/src/common/pico_time/time.c.obj
 *fill*         0x20000ffc        0x4 
 .data.aeabi_bits_funcs
                0x20001000       0x10 CMakeFiles/tarefa_u4_c8.dir/C_/Users/Sara/.pico-sdk/sdk/2.1.0/src/rp2_common/pico_bit_ops/bit_ops_aeabi.S.obj
                0x20001000                aeabi_bits_funcs
                0x20001010                aeabi_bits_funcs_end
 .data.aeabi_mem_funcs
                0x20001010       0x10 CMakeFiles/tarefa_u4_c8.dir/C_/Users/Sara/.pico-sdk/sdk/2.1.0/src/rp2_common/pico_mem_ops/mem_ops_aeabi.S.obj
                0x20001010                aeabi_mem_funcs
                0x20001020                aeabi_mem_funcs_end
 .data.stdio_usb
                0x20001020       0x18 CMakeFiles/tarefa_u4_c8.dir/C_/Users/Sara/.pico-sdk/sdk/2.1.0/src/rp2_common/pico_stdio_usb/stdio_usb.c.obj
                0x20001020                stdio_usb
 .data._usbd_qdef
                0x20001038       0x1c CMakeFiles/tarefa_u4_c8.dir/C_/Users/Sara/.pico-sdk/sdk/2.1.0/lib/tinyusb/src/device/usbd.c.obj
                0x20001038                _usbd_qdef
 .data._usbd_rhport
                0x20001054        0x1 CMakeFiles/tarefa_u4_c8.dir/C_/Users/Sara/.pico-sdk/sdk/2.1.0/lib/tinyusb/src/device/usbd.c.obj
 *fill*         0x20001055        0x3 
 .data.i2c1_inst
                0x20001058        0x8 CMakeFiles/tarefa_u4_c8.dir/C_/Users/Sara/.pico-sdk/sdk/2.1.0/src/rp2_common/hardware_i2c/i2c.c.obj
                0x20001058                i2c1_inst
 .data.i2c0_inst
                0x20001060        0x8 CMakeFiles/tarefa_u4_c8.dir/C_/Users/Sara/.pico-sdk/sdk/2.1.0/src/rp2_common/hardware_i2c/i2c.c.obj
                0x20001060                i2c0_inst
 .data.__malloc_sbrk_base
                0x20001068        0x4 C:/Users/Sara/.pico-sdk/toolchain/13_3_Rel1/bin/../lib/gcc/arm-none-eabi/13.3.1/thumb/v6-m/nofp\libg.a(libc_a-mallocr.o)
                0x20001068                __malloc_sbrk_base
 .data.__malloc_trim_threshold
                0x2000106c        0x4 C:/Users/Sara/.pico-sdk/toolchain/13_3_Rel1/bin/../lib/gcc/arm-none-eabi/13.3.1/thumb/v6-m/nofp\libg.a(libc_a-mallocr.o)
                0x2000106c                __malloc_trim_threshold
 .data.__malloc_av_
                0x20001070      0x408 C:/Users/Sara/.pico-sdk/toolchain/13_3_Rel1/bin/../lib/gcc/arm-none-eabi/13.3.1/thumb/v6-m/nofp\libg.a(libc_a-mallocr.o)
                0x20001070                __malloc_av_
 .data._impure_ptr
                0x20001478        0x4 C:/Users/Sara/.pico-sdk/toolchain/13_3_Rel1/bin/../lib/gcc/arm-none-eabi/13.3.1/thumb/v6-m/nofp\libg.a(libc_a-impure.o)
                0x20001478                _impure_ptr
 *fill*         0x2000147c        0x4 
 .data._impure_data
                0x20001480      0x140 C:/Users/Sara/.pico-sdk/toolchain/13_3_Rel1/bin/../lib/gcc/arm-none-eabi/13.3.1/thumb/v6-m/nofp\libg.a(libc_a-impure.o)
                0x20001480                _impure_data
                0x200015c0                        . = ALIGN (0x4)
 *(.after_data.*)
                0x200015c0                        . = ALIGN (0x4)
                0x200015c0                        PROVIDE (__mutex_array_start = .)
 *(SORT_BY_NAME(.mutex_array.*))
 *(.mutex_array)
 .mutex_array   0x200015c0        0x8 CMakeFiles/tarefa_u4_c8.dir/C_/Users/Sara/.pico-sdk/sdk/2.1.0/src/rp2_common/pico_stdio/stdio.c.obj
                0x200015c8                        PROVIDE (__mutex_array_end = .)
                0x200015c8                        . = ALIGN (0x4)
 *(.jcr)
                0x200015c8                        . = ALIGN (0x4)

.tm_clone_table
                0x200015c8        0x0 load address 0x10007e00
 .tm_clone_table
                0x200015c8        0x0 C:/Users/Sara/.pico-sdk/toolchain/13_3_Rel1/bin/../lib/gcc/arm-none-eabi/13.3.1/thumb/v6-m/nofp/crtbegin.o
 .tm_clone_table
                0x200015c8        0x0 C:/Users/Sara/.pico-sdk/toolchain/13_3_Rel1/bin/../lib/gcc/arm-none-eabi/13.3.1/thumb/v6-m/nofp/crtend.o

.igot.plt       0x200015c8        0x0 load address 0x10007e00
 .igot.plt      0x200015c8        0x0 C:/Users/Sara/.pico-sdk/toolchain/13_3_Rel1/bin/../lib/gcc/arm-none-eabi/13.3.1/thumb/v6-m/nofp/crtbegin.o

.tdata          0x200015c8        0x0 load address 0x10007e00
                0x200015c8                        . = ALIGN (0x4)
 *(.tdata .tdata.* .gnu.linkonce.td.*)
                0x200015c8                        __tdata_end = .
                0x200015c8                        PROVIDE (__data_end__ = .)
                0x100068f8                        __etext = LOADADDR (.data)

.tbss           0x200015c8        0x0 load address 0x10007e00
                0x200015c8                        . = ALIGN (0x4)
                0x200015c8                        __bss_start__ = .
                0x200015c8                        __tls_base = .
 *(.tbss .tbss.* .gnu.linkonce.tb.*)
 *(.tcommon)
                0x200015c8                        __tls_end = .

.bss            0x200015c8     0x1228 load address 0x10007e00
                0x200015c8                        . = ALIGN (0x4)
                0x200015c8                        __tbss_end = .
 *(SORT_BY_ALIGNMENT(SORT_BY_NAME(.bss*)))
 .bss.default_alarm_pool_entries
                0x200015c8      0x180 CMakeFiles/tarefa_u4_c8.dir/C_/Users/Sara/.pico-sdk/sdk/2.1.0/src/common/pico_time/time.c.obj
 .bss.last_avail_time.1
                0x20001748        0x8 CMakeFiles/tarefa_u4_c8.dir/C_/Users/Sara/.pico-sdk/sdk/2.1.0/src/rp2_common/pico_stdio_usb/stdio_usb.c.obj
 .bss.sd_table  0x20001750      0x100 CMakeFiles/tarefa_u4_c8.dir/C_/Users/Sara/.pico-sdk/sdk/2.1.0/src/rp2_common/pico_double/double_init_rom_rp2040.c.obj
                0x20001750                sd_table
 .bss.__lock___malloc_recursive_mutex
                0x20001850        0x1 C:/Users/Sara/.pico-sdk/toolchain/13_3_Rel1/bin/../lib/gcc/arm-none-eabi/13.3.1/thumb/v6-m/nofp\libg.a(libc_a-lock.o)
                0x20001850                __lock___malloc_recursive_mutex
 *fill*         0x20001851        0x3 
 .bss.__malloc_current_mallinfo
                0x20001854       0x28 C:/Users/Sara/.pico-sdk/toolchain/13_3_Rel1/bin/../lib/gcc/arm-none-eabi/13.3.1/thumb/v6-m/nofp\libg.a(libc_a-mallocr.o)
                0x20001854                __malloc_current_mallinfo
 .bss.__malloc_max_sbrked_mem
                0x2000187c        0x4 C:/Users/Sara/.pico-sdk/toolchain/13_3_Rel1/bin/../lib/gcc/arm-none-eabi/13.3.1/thumb/v6-m/nofp\libg.a(libc_a-mallocr.o)
                0x2000187c                __malloc_max_sbrked_mem
 .bss.__malloc_max_total_mem
                0x20001880        0x4 C:/Users/Sara/.pico-sdk/toolchain/13_3_Rel1/bin/../lib/gcc/arm-none-eabi/13.3.1/thumb/v6-m/nofp\libg.a(libc_a-mallocr.o)
                0x20001880                __malloc_max_total_mem
 .bss.__malloc_top_pad
                0x20001884        0x4 C:/Users/Sara/.pico-sdk/toolchain/13_3_Rel1/bin/../lib/gcc/arm-none-eabi/13.3.1/thumb/v6-m/nofp\libg.a(libc_a-mallocr.o)
                0x20001884                __malloc_top_pad
 .bss.__sf      0x20001888      0x138 C:/Users/Sara/.pico-sdk/toolchain/13_3_Rel1/bin/../lib/gcc/arm-none-eabi/13.3.1/thumb/v6-m/nofp\libg.a(libc_a-findfp.o)
                0x20001888                __sf
 .bss._app_driver
                0x200019c0        0x4 CMakeFiles/tarefa_u4_c8.dir/C_/Users/Sara/.pico-sdk/sdk/2.1.0/lib/tinyusb/src/device/usbd.c.obj
 .bss._cdcd_fifo_cfg
                0x200019c4        0x1 CMakeFiles/tarefa_u4_c8.dir/C_/Users/Sara/.pico-sdk/sdk/2.1.0/lib/tinyusb/src/class/cdc/cdc_device.c.obj
 *fill*         0x200019c5        0x3 
 .bss._cdcd_itf
                0x200019c8      0x2c8 CMakeFiles/tarefa_u4_c8.dir/C_/Users/Sara/.pico-sdk/sdk/2.1.0/lib/tinyusb/src/class/cdc/cdc_device.c.obj
 .bss._ctrl_xfer
                0x20001c90       0x14 CMakeFiles/tarefa_u4_c8.dir/C_/Users/Sara/.pico-sdk/sdk/2.1.0/lib/tinyusb/src/device/usbd_control.c.obj
 .bss._ubsd_mutexdef
                0x20001ca4        0x8 CMakeFiles/tarefa_u4_c8.dir/C_/Users/Sara/.pico-sdk/sdk/2.1.0/lib/tinyusb/src/device/usbd.c.obj
 .bss._usbd_ctrl_buf
                0x20001cac       0x40 CMakeFiles/tarefa_u4_c8.dir/C_/Users/Sara/.pico-sdk/sdk/2.1.0/lib/tinyusb/src/device/usbd_control.c.obj
 .bss._usbd_dev
                0x20001cec       0x54 CMakeFiles/tarefa_u4_c8.dir/C_/Users/Sara/.pico-sdk/sdk/2.1.0/lib/tinyusb/src/device/usbd.c.obj
 .bss._usbd_mutex
                0x20001d40        0x4 CMakeFiles/tarefa_u4_c8.dir/C_/Users/Sara/.pico-sdk/sdk/2.1.0/lib/tinyusb/src/device/usbd.c.obj
 .bss._usbd_q   0x20001d44        0x4 CMakeFiles/tarefa_u4_c8.dir/C_/Users/Sara/.pico-sdk/sdk/2.1.0/lib/tinyusb/src/device/usbd.c.obj
 .bss._usbd_qdef_buf
                0x20001d48       0xc0 CMakeFiles/tarefa_u4_c8.dir/C_/Users/Sara/.pico-sdk/sdk/2.1.0/lib/tinyusb/src/device/usbd.c.obj
                0x20001d48                _usbd_qdef_buf
 .bss._vendord_itf
                0x20001e08      0x2cc CMakeFiles/tarefa_u4_c8.dir/C_/Users/Sara/.pico-sdk/sdk/2.1.0/lib/tinyusb/src/class/vendor/vendor_device.c.obj
 .bss.boot2_copyout
                0x200020d4      0x100 CMakeFiles/tarefa_u4_c8.dir/C_/Users/Sara/.pico-sdk/sdk/2.1.0/src/rp2_common/hardware_flash/flash.c.obj
 .bss.callbacks
                0x200021d4        0x8 CMakeFiles/tarefa_u4_c8.dir/C_/Users/Sara/.pico-sdk/sdk/2.1.0/src/rp2_common/hardware_gpio/gpio.c.obj
 .bss.chars_available_callback
                0x200021dc        0x4 CMakeFiles/tarefa_u4_c8.dir/C_/Users/Sara/.pico-sdk/sdk/2.1.0/src/rp2_common/pico_stdio_usb/stdio_usb.c.obj
 .bss.chars_available_param
                0x200021e0        0x4 CMakeFiles/tarefa_u4_c8.dir/C_/Users/Sara/.pico-sdk/sdk/2.1.0/src/rp2_common/pico_stdio_usb/stdio_usb.c.obj
 .bss.claimed   0x200021e4        0x4 CMakeFiles/tarefa_u4_c8.dir/C_/Users/Sara/.pico-sdk/sdk/2.1.0/src/rp2_common/hardware_sync/sync.c.obj
 .bss.claimed   0x200021e8        0x1 CMakeFiles/tarefa_u4_c8.dir/C_/Users/Sara/.pico-sdk/sdk/2.1.0/src/rp2_common/hardware_timer/timer.c.obj
 *fill*         0x200021e9        0x3 
 .bss.configured_freq
                0x200021ec       0x28 CMakeFiles/tarefa_u4_c8.dir/C_/Users/Sara/.pico-sdk/sdk/2.1.0/src/rp2_common/hardware_clocks/clocks.c.obj
 .bss.desc_str.0
                0x20002214       0x28 CMakeFiles/tarefa_u4_c8.dir/C_/Users/Sara/.pico-sdk/sdk/2.1.0/src/rp2_common/pico_stdio_usb/stdio_usb_descriptors.c.obj
 .bss.drivers   0x2000223c        0x4 CMakeFiles/tarefa_u4_c8.dir/C_/Users/Sara/.pico-sdk/sdk/2.1.0/src/rp2_common/pico_stdio/stdio.c.obj
 .bss.e15_last_sof
                0x20002240        0x4 CMakeFiles/tarefa_u4_c8.dir/C_/Users/Sara/.pico-sdk/sdk/2.1.0/lib/tinyusb/src/portable/raspberrypi/rp2040/rp2040_usb.c.obj
                0x20002240                e15_last_sof
 .bss.errno     0x20002244        0x4 C:/Users/Sara/.pico-sdk/toolchain/13_3_Rel1/bin/../lib/gcc/arm-none-eabi/13.3.1/thumb/v6-m/nofp\libg.a(libc_a-reent.o)
                0x20002244                errno
 .bss.filter    0x20002248        0x4 CMakeFiles/tarefa_u4_c8.dir/C_/Users/Sara/.pico-sdk/sdk/2.1.0/src/rp2_common/pico_stdio/stdio.c.obj
 .bss.heap_end.0
                0x2000224c        0x4 CMakeFiles/tarefa_u4_c8.dir/C_/Users/Sara/.pico-sdk/sdk/2.1.0/src/rp2_common/pico_clib_interface/newlib_interface.c.obj
 .bss.hw_endpoints
                0x20002250      0x400 CMakeFiles/tarefa_u4_c8.dir/C_/Users/Sara/.pico-sdk/sdk/2.1.0/lib/tinyusb/src/portable/raspberrypi/rp2040/dcd_rp2040.c.obj
 .bss.last_time
                0x20002650        0x4 CMakeFiles/tarefa_u4_c8.dir/tarefa_u4_c8.c.obj
                0x20002650                last_time
 .bss.lazy_vsnprintf
                0x20002654        0x4 CMakeFiles/tarefa_u4_c8.dir/C_/Users/Sara/.pico-sdk/sdk/2.1.0/src/rp2_common/pico_printf/printf.c.obj
 .bss.load_value
                0x20002658        0x4 CMakeFiles/tarefa_u4_c8.dir/C_/Users/Sara/.pico-sdk/sdk/2.1.0/src/rp2_common/hardware_watchdog/watchdog.c.obj
 .bss.next_buffer_ptr
                0x2000265c        0x4 CMakeFiles/tarefa_u4_c8.dir/C_/Users/Sara/.pico-sdk/sdk/2.1.0/lib/tinyusb/src/portable/raspberrypi/rp2040/dcd_rp2040.c.obj
 .bss.object.0  0x20002660       0x18 C:/Users/Sara/.pico-sdk/toolchain/13_3_Rel1/bin/../lib/gcc/arm-none-eabi/13.3.1/thumb/v6-m/nofp/crtbegin.o
 .bss.one_shot_timer_crit_sec
                0x20002678        0x8 CMakeFiles/tarefa_u4_c8.dir/C_/Users/Sara/.pico-sdk/sdk/2.1.0/src/rp2_common/pico_stdio_usb/stdio_usb.c.obj
 .bss.pools     0x20002680       0x10 CMakeFiles/tarefa_u4_c8.dir/C_/Users/Sara/.pico-sdk/sdk/2.1.0/src/common/pico_time/time.c.obj
 .bss.raw_irq_mask
                0x20002690        0x8 CMakeFiles/tarefa_u4_c8.dir/C_/Users/Sara/.pico-sdk/sdk/2.1.0/src/rp2_common/hardware_gpio/gpio.c.obj
 .bss.retrieved_id
                0x20002698        0x8 CMakeFiles/tarefa_u4_c8.dir/C_/Users/Sara/.pico-sdk/sdk/2.1.0/src/rp2_common/pico_unique_id/unique_id.c.obj
 .bss.sf_clz_func
                0x200026a0        0x4 CMakeFiles/tarefa_u4_c8.dir/C_/Users/Sara/.pico-sdk/sdk/2.1.0/src/rp2_common/pico_double/double_init_rom_rp2040.c.obj
                0x200026a0                sf_clz_func
 .bss.sf_table  0x200026a4      0x100 CMakeFiles/tarefa_u4_c8.dir/C_/Users/Sara/.pico-sdk/sdk/2.1.0/src/rp2_common/pico_float/float_init_rom_rp2040.c.obj
                0x200026a4                sf_table
 .bss.sleep_notifier
                0x200027a4        0x4 CMakeFiles/tarefa_u4_c8.dir/C_/Users/Sara/.pico-sdk/sdk/2.1.0/src/common/pico_time/time.c.obj
 .bss.sliceBlue
                0x200027a8        0x4 CMakeFiles/tarefa_u4_c8.dir/tarefa_u4_c8.c.obj
                0x200027a8                sliceBlue
 .bss.slideRed  0x200027ac        0x4 CMakeFiles/tarefa_u4_c8.dir/tarefa_u4_c8.c.obj
                0x200027ac                slideRed
 .bss.ssd       0x200027b0       0x18 CMakeFiles/tarefa_u4_c8.dir/tarefa_u4_c8.c.obj
                0x200027b0                ssd
 .bss.stdio_usb_mutex
                0x200027c8        0x8 CMakeFiles/tarefa_u4_c8.dir/C_/Users/Sara/.pico-sdk/sdk/2.1.0/src/rp2_common/pico_stdio_usb/stdio_usb.c.obj
 .bss.usbd_serial_str
                0x200027d0       0x11 CMakeFiles/tarefa_u4_c8.dir/C_/Users/Sara/.pico-sdk/sdk/2.1.0/src/rp2_common/pico_stdio_usb/stdio_usb_descriptors.c.obj
 *fill*         0x200027e1        0x1 
 .bss.eixo_x    0x200027e2        0x2 CMakeFiles/tarefa_u4_c8.dir/tarefa_u4_c8.c.obj
                0x200027e2                eixo_x
 .bss.eixo_y    0x200027e4        0x2 CMakeFiles/tarefa_u4_c8.dir/tarefa_u4_c8.c.obj
                0x200027e4                eixo_y
 .bss._app_driver_count
                0x200027e6        0x1 CMakeFiles/tarefa_u4_c8.dir/C_/Users/Sara/.pico-sdk/sdk/2.1.0/lib/tinyusb/src/device/usbd.c.obj
 .bss._sof_enable
                0x200027e7        0x1 CMakeFiles/tarefa_u4_c8.dir/C_/Users/Sara/.pico-sdk/sdk/2.1.0/lib/tinyusb/src/portable/raspberrypi/rp2040/dcd_rp2040.c.obj
 .bss._usbd_queued_setup
                0x200027e8        0x1 CMakeFiles/tarefa_u4_c8.dir/C_/Users/Sara/.pico-sdk/sdk/2.1.0/lib/tinyusb/src/device/usbd.c.obj
 .bss.boot2_copyout_valid
                0x200027e9        0x1 CMakeFiles/tarefa_u4_c8.dir/C_/Users/Sara/.pico-sdk/sdk/2.1.0/src/rp2_common/hardware_flash/flash.c.obj
 .bss.irq_handler_chain_free_slot_head
                0x200027ea        0x1 CMakeFiles/tarefa_u4_c8.dir/C_/Users/Sara/.pico-sdk/sdk/2.1.0/src/rp2_common/hardware_irq/irq.c.obj
 .bss.itf_num   0x200027eb        0x1 CMakeFiles/tarefa_u4_c8.dir/C_/Users/Sara/.pico-sdk/sdk/2.1.0/src/rp2_common/pico_stdio_usb/reset_interface.c.obj
 .bss.low_priority_irq_num
                0x200027ec        0x1 CMakeFiles/tarefa_u4_c8.dir/C_/Users/Sara/.pico-sdk/sdk/2.1.0/src/rp2_common/pico_stdio_usb/stdio_usb.c.obj
 .bss.one_shot_timer_pending
                0x200027ed        0x1 CMakeFiles/tarefa_u4_c8.dir/C_/Users/Sara/.pico-sdk/sdk/2.1.0/src/rp2_common/pico_stdio_usb/stdio_usb.c.obj
 .bss.state     0x200027ee        0x1 CMakeFiles/tarefa_u4_c8.dir/tarefa_u4_c8.c.obj
                0x200027ee                state
 .bss.user_irq_claimed
                0x200027ef        0x1 CMakeFiles/tarefa_u4_c8.dir/C_/Users/Sara/.pico-sdk/sdk/2.1.0/src/rp2_common/hardware_irq/irq.c.obj
 *(COMMON)
                0x200027f0                        . = ALIGN (0x4)
                0x200027f0                        __bss_end__ = .

.heap           0x200027f0      0x800 load address 0x10007e00
                0x200027f0                        __end__ = .
                0x200027f0                        end = __end__
 *(.heap*)
 .heap          0x200027f0      0x800 CMakeFiles/tarefa_u4_c8.dir/C_/Users/Sara/.pico-sdk/sdk/2.1.0/src/rp2_common/pico_crt0/crt0.S.obj
                0x20040000                        __HeapLimit = (ORIGIN (RAM) + LENGTH (RAM))

.scratch_x      0x20040000        0x0 load address 0x10007e00
                0x20040000                        __scratch_x_start__ = .
 *(.scratch_x.*)
                0x20040000                        . = ALIGN (0x4)
                0x20040000                        __scratch_x_end__ = .
                0x10007e00                        __scratch_x_source__ = LOADADDR (.scratch_x)

.scratch_y      0x20041000        0x0 load address 0x10007e00
                0x20041000                        __scratch_y_start__ = .
 *(.scratch_y.*)
                0x20041000                        . = ALIGN (0x4)
                0x20041000                        __scratch_y_end__ = .
                0x10007e00                        __scratch_y_source__ = LOADADDR (.scratch_y)

.stack1_dummy
 *(.stack1*)

.stack_dummy    0x20041000      0x800
 *(.stack*)
 .stack         0x20041000      0x800 CMakeFiles/tarefa_u4_c8.dir/C_/Users/Sara/.pico-sdk/sdk/2.1.0/src/rp2_common/pico_crt0/crt0.S.obj

.flash_end      0x10007e00        0x0
 *(.embedded_end_block*)
                0x10007e00                        PROVIDE (__flash_binary_end = .)
                0x20040000                        __StackLimit = (ORIGIN (RAM) + LENGTH (RAM))
                0x20041000                        __StackOneTop = (ORIGIN (SCRATCH_X) + LENGTH (SCRATCH_X))
                0x20042000                        __StackTop = (ORIGIN (SCRATCH_Y) + LENGTH (SCRATCH_Y))
                0x20041000                        __StackOneBottom = (__StackOneTop - SIZEOF (.stack1_dummy))
                0x20041800                        __StackBottom = (__StackTop - SIZEOF (.stack_dummy))
                0x20042000                        PROVIDE (__stack = __StackTop)
                [!provide]                        PROVIDE (__heap_start = __end__)
                [!provide]                        PROVIDE (__heap_end = __HeapLimit)
                [!provide]                        PROVIDE (__tls_align = MAX (ALIGNOF (.tdata), ALIGNOF (.tbss)))
                [!provide]                        PROVIDE (__tls_size_align = (((__tls_size + __tls_align) - 0x1) & ~ ((__tls_align - 0x1))))
                [!provide]                        PROVIDE (__arm32_tls_tcb_offset = MAX (0x8, __tls_align))
                [!provide]                        PROVIDE (_end = __end__)
                [!provide]                        PROVIDE (__llvm_libc_heap_limit = __HeapLimit)
                0x00000001                        ASSERT ((__StackLimit >= __HeapLimit), region RAM overflowed)
                0x00000001                        ASSERT (((__binary_info_header_end - __logical_binary_start) <= 0x100), Binary info must be in first 256 bytes of the binary)
LOAD CMakeFiles/tarefa_u4_c8.dir/tarefa_u4_c8.c.obj
LOAD CMakeFiles/tarefa_u4_c8.dir/inc/ssd1306.c.obj
LOAD CMakeFiles/tarefa_u4_c8.dir/C_/Users/Sara/.pico-sdk/sdk/2.1.0/src/rp2_common/pico_stdlib/stdlib.c.obj
LOAD CMakeFiles/tarefa_u4_c8.dir/C_/Users/Sara/.pico-sdk/sdk/2.1.0/src/rp2_common/hardware_gpio/gpio.c.obj
LOAD CMakeFiles/tarefa_u4_c8.dir/C_/Users/Sara/.pico-sdk/sdk/2.1.0/src/rp2040/pico_platform/platform.c.obj
LOAD CMakeFiles/tarefa_u4_c8.dir/C_/Users/Sara/.pico-sdk/sdk/2.1.0/src/rp2_common/pico_platform_panic/panic.c.obj
LOAD CMakeFiles/tarefa_u4_c8.dir/C_/Users/Sara/.pico-sdk/sdk/2.1.0/src/common/hardware_claim/claim.c.obj
LOAD CMakeFiles/tarefa_u4_c8.dir/C_/Users/Sara/.pico-sdk/sdk/2.1.0/src/rp2_common/hardware_sync/sync.c.obj
LOAD CMakeFiles/tarefa_u4_c8.dir/C_/Users/Sara/.pico-sdk/sdk/2.1.0/src/rp2_common/hardware_sync_spin_lock/sync_spin_lock.c.obj
LOAD CMakeFiles/tarefa_u4_c8.dir/C_/Users/Sara/.pico-sdk/sdk/2.1.0/src/rp2_common/hardware_irq/irq.c.obj
LOAD CMakeFiles/tarefa_u4_c8.dir/C_/Users/Sara/.pico-sdk/sdk/2.1.0/src/rp2_common/hardware_irq/irq_handler_chain.S.obj